[neptuneoption.com/index.html]
[backblue.gif]
[fade.gif]
[index.html]
[neptuneoption.com/img/og-img.jpg]
[neptuneoption.com/index.html]
[neptuneoption.com/shares.html]
[neptuneoption.com/soft-commodity.html]
[neptuneoption.com/indices.html]
[neptuneoption.com/overview.html]
[neptuneoption.com/trader4.html]
[neptuneoption.com/trader5.html]
[neptuneoption.com/tradingaccount.html]
[neptuneoption.com/depositandwithdrawal.html]
[neptuneoption.com/why.html]
[neptuneoption.com/regulatory.html]
[neptuneoption.com/blog.html]
[neptuneoption.com/aboutus.html]
[neptuneoption.com/images/img-flag-cn.png]
[neptuneoption.com/images/countries-kh.png]
[neptuneoption.com/index-2.html]
[neptuneoption.com/en.html]
[neptuneoption.com/images/img-right-arrow-wht.png]
[neptuneoption.com/images/img-icon-share.png]
[neptuneoption.com/images/img-icon-indices.png]
[neptuneoption.com/images/img-icon-futures.png]
[neptuneoption.com/images/img-icon-metal.png]
[neptuneoption.com/images/img-icon-energies.png]
[neptuneoption.com/images/img-icon-Crypto-blue.png]
[neptuneoption.com/images/img-icon-pips-blue.png]
[neptuneoption.com/images/img-icon-lq-provider.png]
[neptuneoption.com/metals.html]
[neptuneoption.com/energies.html]
[neptuneoption.com/images/img-icon-leverage-blue.png]
[neptuneoption.com/images/img-icon-server-blue.png]
[neptuneoption.com/images/img-icon-trusted-broker.png]
[neptuneoption.com/images/img-trading-platform-screens.png]
[neptuneoption.com/images/img-cuting-edge-graphic-bg.png]
[neptuneoption.com/images/img-icon-strategy-blue.png]
[neptuneoption.com/images/img-icon-block.png]
[neptuneoption.com/images/img-hub-x-logo-small.png]
[neptuneoption.com/images/img-avatar-trader.png]
[neptuneoption.com/images/img-avatar-invester-1.png]
[neptuneoption.com/images/img-insight-mobile-screen.png]
[neptuneoption.com/images/img-insight-logoss.png]
[neptuneoption.com/en/js/owl-owl.carousel.min.js]
[neptuneoption.com/en/js/dist-aos.js]
[neptuneoption.com/en/js/js-range-slider.js]
[neptuneoption.com/en/js/1.12.1-jquery-ui.min.js]
[neptuneoption.com/en/js/js-custom.js]
[neptuneoption.com/toastr.min.css]
[neptuneoption.com/toastr.min.js]
[neptuneoption.com/img/og-img.jpg]
[neptuneoption.com/css/css-normalize.css]
[maxcdn.bootstrapcdn.com/font-awesome/4.4.0/css/font-awesome.min.css]
[neptuneoption.com/css/owl-owl.carousel.css]
[neptuneoption.com/css/css-core.css]
[neptuneoption.com/logoss.png]
[neptuneoption.com/login]
[neptuneoption.com/images/img-flag-uk.png]
[neptuneoption.com/register]
[neptuneoption.com/rmarket.html]
[neptuneoption.com/crypto.html]
[neptuneoption.com/themes/2017-09/img/logo-bg.png]
[www.oanda.com/media/images/billboard-history1-2499x7152x_QNodcOD.original.jpg]
[www.tmgm.com/img/iress-monitor.png]
[www.tmgm.com/img/share-chart.png]
[www.tmgm.com/img/icon-share-blue.png]
[www.tmgm.com/img/stock-icon-blue.png]
[www.tmgm.com/img/icon-fast-blue.png]
[www.tmgm.com/img/icon-free-blue.png]
[www.tmgm.com/img/icon-leverage-blue.png]
[www.tmgm.com/img/icon-strategy-blue.png]
[www.tmgm.com/img/icon-block.png]
[www.tmgm.com/img/icon-trusted-broker.png]
[neptuneoption.com/shares.html]
[widget-v4.tidiochat.com/1_71_0/static/js/render.30e5efe384839d3598e9.js]
[www.tmgm.com/img/cocoa-icon-blue.png]
[www.tmgm.com/img/down.png]
[www.tmgm.com/img/coffee-blue.png]
[www.tmgm.com/img/cotton-icon-blue.png]
[www.tmgm.com/img/up.png]
[www.tmgm.com/img/orange-juice-blue.png]
[www.tmgm.com/img/sugar-icon-blue.png]
[www.tmgm.com/img/icon-pips-blue.png]
[www.tmgm.com/img/icon-lq-provider.png]
[www.tmgm.com/img/icon-server-blue.png]
[neptuneoption.com/soft-commodity.html]
[www.tmgm.com/img/icon-indices-blue.png]
[neptuneoption.com/indices.html]
[www.tmgm.com/img/mt4-screen.png]
[www.tmgm.com/img/android-icon.png]
[www.tmgm.com/img/window-icon.png]
[www.tmgm.com/img/mt-5-screen.jpg]
[neptuneoption.com/overview.html]
[www.tmgm.com/img/icon-desktop.png]
[www.tmgm.com/img/icon-tab.png]
[www.tmgm.com/img/icon-mobile.png]
[www.tmgm.com/img/mt4-desktop.png]
[www.tmgm.com/img/mt4-mobile.png]
[www.tmgm.com/img/code-editor.png]
[www.tmgm.com/img/macbook-mockup.png]
[www.tmgm.com/img/trademax-EA.gif]
[www.tmgm.com/img/lp1.png]
[www.tmgm.com/img/lp2.png]
[www.tmgm.com/img/lp4.png]
[www.tmgm.com/img/down-terminal-icon.png]
[www.tmgm.com/img/mt4-logo.png]
[neptuneoption.com/trader4.html]
[neptuneoption.com/trader5.html]
[neptuneoption.com/en/css/css-normalize.css]
[neptuneoption.com/en/css/owl-owl.carousel.css]
[neptuneoption.com/tradingaccount.html]
[neptuneoption.com/depositandwithdrawal.html]
[neptuneoption.com/blog.html]
[neptuneoption.com/en/css/css-core.css]
[neptuneoption.com/vbanner.jpg]
[www.tmgm.com/img/commodity.png]
[www.tmgm.com/img/global.png]
[www.tmgm.com/img/trade-volume.png]
[www.tmgm.com/img/regulation-icon.png]
[www.tmgm.com/img/icon-instruments-blue.png]
[www.tmgm.com/img/logo-morgan-stanley.jpg]
[www.tmgm.com/img/logo-citadel.jpg]
[www.tmgm.com/img/logo-onezero.jpg]
[www.tmgm.com/img/logo-jefferies.jpg]
[www.tmgm.com/img/logo-xtx.jpg]
[www.tmgm.com/img/logo-jp-morgan.jpg]
[www.tmgm.com/img/logo-nomura.jpg]
[neptuneoption.com/aboutus.html]
[www.tmgm.com/img/bank-icon.png]
[www.tmgm.com/img/locker-icon.png]
[www.tmgm.com/img/insurance.png]
[www.tmgm.com/img/support-icon.png]
[www.tmgm.com/img/personal-icon.png]
[www.tmgm.com/img/vip-icon.png]
[neptuneoption.com/why.html]
[www.tmgm.com/img/compliance-icon.png]
[www.tmgm.com/img/icon-authority-blue.png]
[www.tmgm.com/img/nab.png]
[www.tmgm.com/img/icon-protection.png]
[www.tmgm.com/img/lion-logo.png]
[neptuneoption.com/regulatory.html]
[neptuneoption.com/contact-us.html]
[neptuneoption.com/images/countries-au.png]
[quantumssets.com/img/og-img.jpg]
[neptuneoption.com/au.html]
[neptuneoption.com/images/img-main-logo.png]
[neptuneoption.com/images/img-banner-img-bk.jpg]
[neptuneoption.com/images/img-insight-logo.png]
[neptuneoption.com/js/vendor-jquery-3.2.1.min.js]
[neptuneoption.com/js/1.12.1-jquery-ui.min.js]
[neptuneoption.com/js/owl-owl.carousel.min.js]
[neptuneoption.com/js/dist-aos.js]
[neptuneoption.com/js/js-range-slider.js]
[neptuneoption.com/index-2.html]
[neptuneoption.com/en.html]
[neptuneoption.com/js/js-custom.js]
[neptuneoption.com/images/img-flag-hk.png]
[neptuneoption.com/images/countries-hk.png]
[neptuneoption.com/images/countries-kr.png]
[neptuneoption.com/images/countries-my.png]
[neptuneoption.com/images/countries-mm.png]
[neptuneoption.com/images/countries-nz.png]
[neptuneoption.com/images/countries-ph.png]
[neptuneoption.com/cn.html]
[neptuneoption.com/images/countries-sg.png]
[neptuneoption.com/images/countries-id.png]
[neptuneoption.com/images/countries-mc.png]
[neptuneoption.com/images/countries-tw.png]
[neptuneoption.com/images/countries-vn.png]
[neptuneoption.com/images/countries-th.png]
[neptuneoption.com/th.html]
[neptuneoption.com/images/countries-ai.png]
[neptuneoption.com/vn.html]
[neptuneoption.com/images/countries-ag.png]
[neptuneoption.com/images/countries-bb.png]
[neptuneoption.com/images/countries-ar.png]
[neptuneoption.com/images/countries-es.png]
[neptuneoption.com/images/countries-bz.png]
[neptuneoption.com/images/countries-bm.png]
[neptuneoption.com/images/countries-bo.png]
[neptuneoption.com/es.html]
[neptuneoption.com/images/countries-br.png]
[neptuneoption.com/images/countries-vg.png]
[neptuneoption.com/images/countries-cl.png]
[neptuneoption.com/images/countries-ky.png]
[neptuneoption.com/images/countries-cr.png]
[neptuneoption.com/images/countries-dm.png]
[neptuneoption.com/images/countries-do.png]
[neptuneoption.com/images/countries-ec.png]
[neptuneoption.com/images/countries-sv.png]
[neptuneoption.com/images/countries-gt.png]
[neptuneoption.com/images/countries-gy.png]
[neptuneoption.com/images/countries-hn.png]
[neptuneoption.com/images/countries-jm.png]
[neptuneoption.com/pr.html]
[neptuneoption.com/images/countries-mx.png]
[neptuneoption.com/images/countries-ms.png]
[neptuneoption.com/images/countries-pa.png]
[neptuneoption.com/images/countries-py.png]
[neptuneoption.com/images/countries-ni.png]
[neptuneoption.com/images/countries-kn.png]
[neptuneoption.com/images/countries-pe.png]
[neptuneoption.com/images/countries-sr.png]
[neptuneoption.com/images/countries-bs.png]
[neptuneoption.com/images/countries-tt.png]
[neptuneoption.com/images/countries-tc.png]
[neptuneoption.com/images/countries-uy.png]
[neptuneoption.com/images/countries-ve.png]
[neptuneoption.com/images/countries-at.png]
[neptuneoption.com/images/countries-be.png]
[neptuneoption.com/images/countries-hr.png]
[neptuneoption.com/images/countries-cz.png]
[neptuneoption.com/images/countries-bg.png]
[neptuneoption.com/images/countries-ee.png]
[neptuneoption.com/images/countries-co.png]
[neptuneoption.com/images/countries-de.png]
[neptuneoption.com/images/countries-fi.png]
[neptuneoption.com/images/countries-fr.png]
[neptuneoption.com/images/countries-gr.png]
[neptuneoption.com/images/countries-hu.png]
[neptuneoption.com/images/countries-ie.png]
[neptuneoption.com/images/countries-li.png]
[neptuneoption.com/images/countries-it.png]
[neptuneoption.com/images/countries-lv.png]
[neptuneoption.com/images/countries-lt.png]
[neptuneoption.com/images/countries-mt.png]
[neptuneoption.com/images/countries-me.png]
[neptuneoption.com/images/countries-lu.png]
[neptuneoption.com/images/countries-nl.png]
[neptuneoption.com/images/countries-no.png]
[neptuneoption.com/images/countries-pt.png]
[neptuneoption.com/images/countries-pl.png]
[neptuneoption.com/images/countries-ru.png]
[neptuneoption.com/images/countries-ro.png]
[neptuneoption.com/images/countries-rs.png]
[neptuneoption.com/images/countries-sk.png]
[neptuneoption.com/images/countries-si.png]
[neptuneoption.com/images/countries-tr.png]
[neptuneoption.com/images/countries-bh.png]
[neptuneoption.com/images/countries-cm.png]
[neptuneoption.com/images/countries-eg.png]
[neptuneoption.com/images/countries-il.png]
[neptuneoption.com/images/countries-jo.png]
[neptuneoption.com/images/countries-ke.png]
[neptuneoption.com/images/countries-ma.png]
[neptuneoption.com/images/countries-mz.png]
[neptuneoption.com/images/countries-ch.png]
[neptuneoption.com/images/countries-se.png]
[neptuneoption.com/images/countries-kw.png]
[neptuneoption.com/images/countries-om.png]
[neptuneoption.com/images/countries-ng.png]
[neptuneoption.com/images/countries-sn.png]
[neptuneoption.com/images/countries-sa.png]
[neptuneoption.com/images/countries-tn.png]
[neptuneoption.com/images/countries-ug.png]
[neptuneoption.com/images/countries-za.png]
[neptuneoption.com/images/countries-ca.png]
[neptuneoption.com/images/countries-in.png]
[neptuneoption.com/images/countries-pr.png]
[neptuneoption.com/images/img-icon-pips.png]
[neptuneoption.com/images/img-icon-deposit.png]
[neptuneoption.com/images/img-icon-leverage.png]
[neptuneoption.com/images/img-icon-speed.png]
[neptuneoption.com/images/countries-qa.png]
[neptuneoption.com/images/img-icon-free.png]
[neptuneoption.com/images/img-icon-card.png]
[neptuneoption.com/images/img-icon-secure.png]
[neptuneoption.com/images/img-time-zone.png]
[neptuneoption.com/images/img-icon-instruments.png]
[neptuneoption.com/images/img-globe.gif]
[neptuneoption.com/images/img-down.png]
[neptuneoption.com/images/img-up.png]
[neptuneoption.com/images/countries-ae.png]
[neptuneoption.com/images/img-lp1.png]
[neptuneoption.com/cdn-cgi/scripts/5c5dd728/cloudflare-static/email-decode.min.js]
[neptuneoption.com/images/img-lp3.png]
[neptuneoption.com/images/img-aggregator.png]
[neptuneoption.com/images/img-down-terminal-icon.png]
[neptuneoption.com/images/img-client-icon.png]
[neptuneoption.com/images/img-code-editor.png]
[neptuneoption.com/images/img-macbook-mockup.png]
[neptuneoption.com/images/img-trademax-EA.gif]
[neptuneoption.com/images/img-map-dots.png]
[neptuneoption.com/images/img-deposit-methods.png]
[neptuneoption.com/images/img-icon-Crypto.png]
[neptuneoption.com/metals.html]
[neptuneoption.com/energies.html]
[neptuneoption.com/images/img-avatar-invester-2.png]
[neptuneoption.com/images/img-insight-logoss.png]
[neptuneoption.com/en/js/1.12.1-jquery-ui.min.js]
[neptuneoption.com/en/js/owl-owl.carousel.min.js]
[neptuneoption.com/en/js/dist-aos.js]
[neptuneoption.com/en/js/vendor-jquery-3.2.1.min.js]
[neptuneoption.com/en/js/js-range-slider.js]
[www.tmgm.com/img/lp4-sn2.png]
[www.tmgm.com/img/lp1-sn4.png]
[www.tmgm.com/img/lp2-sn4.png]
[www.tmgm.com/img/lp3-sn4.png]
[www.tmgm.com/img/lp4-sn4.png]
[www.tmgm.com/img/lp1-sn3.png]
[www.tmgm.com/img/lp2-sn3.png]
[www.tmgm.com/img/lp3-sn3.png]
[www.tmgm.com/img/lp4-sn3.png]
[neptuneoption.com/en/js/js-custom.js]
[neptuneoption.com/toastr.min.css]
[neptuneoption.com/toastr.min.js]
[maxcdn.bootstrapcdn.com/font-awesome/4.4.0/css/font-awesome.min.css]
[neptuneoption.com/themes/2017-09/img/logo-bg.png]
[neptuneoption.com/css/css-normalize.css]
[cdnjs.cloudflare.com/ajax/libs/font-awesome/4.7.0/css/font-awesome.css]
[unpkg.com/aos@2.3.1/dist/aos.css]
[neptuneoption.com/css/owl-owl.carousel.css]
[neptuneoption.com/images/img-dotted-pattern.png]
[neptuneoption.com/images/img-cta-bg.jpg]
[neptuneoption.com/images/img-cta-light-bg.png]
[neptuneoption.com/images/img-world-map-inner.png]
[neptuneoption.com/images/img-check-icon.png]
[neptuneoption.com/images/img-title-bg.png]
[neptuneoption.com/images/img-body-bg.jpg]
[neptuneoption.com/images/img-home-banner-img.jpg]
[neptuneoption.com/images/img-product-section-bg.png]
[neptuneoption.com/images/img-lp-chart-bg.png]
[neptuneoption.com/images/img-safe-deposit.jpg]
[neptuneoption.com/images/img-logal-doc-bg.jpg]
[neptuneoption.com/images/img-counter-bg.png]
[neptuneoption.com/images/img-speed-bg.jpg]
[neptuneoption.com/css/css-core.css]
[neptuneoption.com/dist/images/favicon.ico]
[neptuneoption.com/dist/vendors/bootstrap/css/bootstrap.min.css]
[neptuneoption.com/dist/vendors/jquery-ui/jquery-ui.min.css]
[neptuneoption.com/dist/vendors/jquery-ui/jquery-ui.theme.min.css]
[neptuneoption.com/dist/vendors/simple-line-icons/css/simple-line-icons.css]
[neptuneoption.com/dist/vendors/flags-icon/css/flag-icon.min.css]
[neptuneoption.com/dist/vendors/flag-select/css/flags.css]
[neptuneoption.com/dist/vendors/social-button/bootstrap-social.css]
[neptuneoption.com/dist/css/main.css]
[neptuneoption.com/img-main-logo.png]
[neptuneoption.com/dist/vendors/jquery/jquery-3.3.1.min.js]
[neptuneoption.com/dist/vendors/bootstrap/js/bootstrap.bundle.min.js]
[neptuneoption.com/dist/vendors/slimscroll/jquery.slimscroll.min.js]
[neptuneoption.com/login]
[neptuneoption.com/dist/vendors/flag-select/js/jquery.flagstrap.min.js]
[neptuneoption.com/reg.js]
[neptuneoption.com/register]
[maxcdn.bootstrapcdn.com/bootstrap/3.3.7/js/bootstrap.min.js]
[www.tmgm.com/img/icon-Crypto-blue.png]
[neptuneoption.com/Crypto.15b.delayed]
[neptuneoption.com/indices]
[neptuneoption.com/shares]
[www.tmgm.com/img/icon-metal-blue.png]
[neptuneoption.com/metals]
[neptuneoption.com/soft-commodities]
[www.tmgm.com/img/icon-energy-blue.png]
[neptuneoption.com/energies]
[neptuneoption.com/rmarket.html]
[neptuneoption.com/crypto.html]
[www.tmgm.com/img/mt4-screen.png]
[www.tmgm.com/img/mt4-tablet.png]
[neptuneoption.com/en/css/css-normalize.css]
[www.tmgm.com/img/apple-icon.png]
[neptuneoption.com/en/images/owl-owl.video.play.png]
[neptuneoption.com/en/css/owl-owl.carousel.css]
[neptuneoption.com/en/images/img-dotted-pattern.png]
[neptuneoption.com/en/images/img-cta-bg.jpg]
[neptuneoption.com/en/images/img-cta-light-bg.png]
[neptuneoption.com/en/images/img-title-dot.png]
[neptuneoption.com/en/images/img-world-map-inner.png]
[neptuneoption.com/en/images/img-check-icon.png]
[neptuneoption.com/en/images/img-title-bg.png]
[neptuneoption.com/en/images/img-blue-shape-bg.png]
[neptuneoption.com/en/images/img-map-dots.png]
[neptuneoption.com/en/images/img-body-bg.jpg]
[neptuneoption.com/en/images/img-home-banner-img.jpg]
[neptuneoption.com/en/images/img-product-section-bg.png]
[neptuneoption.com/en/images/img-lp-chart-bg.png]
[neptuneoption.com/en/images/img-safe-deposit.jpg]
[neptuneoption.com/en/images/img-logal-doc-bg.jpg]
[neptuneoption.com/en/images/img-counter-bg.png]
[neptuneoption.com/en/images/img-speed-bg.jpg]
[neptuneoption.com/en/css/css-core.css]
[neptuneoption.com/vbanner.html]
[neptuneoption.com/contact-us.html]
[neptuneoption.com/au.html]
[neptuneoption.com/js/vendor-jquery-3.2.1.min.js]
[neptuneoption.com/js/1.12.1-jquery-ui.min.js]
[neptuneoption.com/js/owl-owl.carousel.min.js]
[neptuneoption.com/js/dist-aos.js]
[neptuneoption.com/js/js-range-slider.js]
[neptuneoption.com/js/js-custom.js]
[neptuneoption.com/cn.html]
[neptuneoption.com/th.html]
[neptuneoption.com/vn.html]
[neptuneoption.com/es.html]
[neptuneoption.com/pr.html]
[neptuneoption.com/images/countries-lc.png]
[neptuneoption.com/images/countries-vc.png]
[www.thecitizen.co.tz/resource/blob/3205854/d1dc2285d6563be54eac657393a4957b/mobile-pic-data.jpg]
[neptuneoption.com/cdn-cgi/scripts/5c5dd728/cloudflare-static/email-decode.min.js]
[neptuneoption.com/images/img-lp2.png]
[neptuneoption.com/images/img-lp4.png]
[neptuneoption.com/images/img-avatar-invester-3.png]
[neptuneoption.com/images/img-insight-screen.png]
[neptuneoption.com/en/js/vendor-jquery-3.2.1.min.js]
[neptuneoption.com/dist/index.html]
[cdnjs.cloudflare.com/ajax/libs/Faker/3.1.0/faker.min.js]
[www.tmgm.com/img/lp1-sn2.png]
[neptuneoption.com/dist/vendors/bootstrap/css/bootstrap.min.css]
[neptuneoption.com/images/owl-owl.video.play.png]
[neptuneoption.com/dist/vendors/jquery-ui/images/ui-icons_555555_256x240.png]
[neptuneoption.com/dist/vendors/jquery-ui/jquery-ui.min.css]
[neptuneoption.com/dist/vendors/jquery-ui/jquery-ui.theme.min.css]
[neptuneoption.com/dist/vendors/simple-line-icons/fonts/Simple-Line-Iconsb26cb26c.eot]
[neptuneoption.com/dist/vendors/simple-line-icons/fonts/Simple-Line-Iconsb26cb26c.woff2]
[neptuneoption.com/dist/vendors/simple-line-icons/fonts/Simple-Line-Iconsb26cb26c.ttf]
[neptuneoption.com/dist/vendors/simple-line-icons/css/simple-line-icons.css]
[neptuneoption.com/dist/vendors/flags-icon/flags/1x1/ad.svg]
[neptuneoption.com/dist/vendors/flags-icon/flags/4x3/af.svg]
[neptuneoption.com/dist/vendors/flags-icon/flags/1x1/af.svg]
[neptuneoption.com/dist/vendors/flags-icon/flags/4x3/ag.svg]
[neptuneoption.com/dist/vendors/flags-icon/flags/1x1/ag.svg]
[neptuneoption.com/dist/vendors/flags-icon/flags/4x3/ai.svg]
[neptuneoption.com/dist/vendors/flags-icon/flags/1x1/ai.svg]
[neptuneoption.com/dist/vendors/flags-icon/flags/4x3/al.svg]
[neptuneoption.com/dist/vendors/flags-icon/flags/1x1/al.svg]
[neptuneoption.com/dist/vendors/flags-icon/flags/4x3/ao.svg]
[neptuneoption.com/dist/vendors/flags-icon/flags/1x1/ao.svg]
[neptuneoption.com/dist/vendors/flags-icon/flags/4x3/aq.svg]
[neptuneoption.com/dist/vendors/flags-icon/flags/1x1/aq.svg]
[neptuneoption.com/dist/vendors/flags-icon/flags/4x3/ar.svg]
[neptuneoption.com/dist/vendors/flags-icon/flags/1x1/ar.svg]
[neptuneoption.com/dist/vendors/flags-icon/flags/4x3/as.svg]
[neptuneoption.com/dist/vendors/flags-icon/flags/1x1/as.svg]
[neptuneoption.com/dist/vendors/flags-icon/flags/1x1/au.svg]
[neptuneoption.com/dist/vendors/flags-icon/flags/4x3/aw.svg]
[neptuneoption.com/dist/vendors/flags-icon/flags/1x1/aw.svg]
[neptuneoption.com/dist/vendors/flags-icon/flags/4x3/ax.svg]
[neptuneoption.com/dist/vendors/flags-icon/flags/1x1/ax.svg]
[neptuneoption.com/dist/vendors/flags-icon/flags/4x3/az.svg]
[neptuneoption.com/dist/vendors/flags-icon/flags/1x1/az.svg]
[neptuneoption.com/dist/vendors/flags-icon/flags/4x3/ba.svg]
[neptuneoption.com/dist/vendors/flags-icon/flags/1x1/ba.svg]
[neptuneoption.com/dist/vendors/flags-icon/flags/4x3/bb.svg]
[neptuneoption.com/dist/vendors/flags-icon/flags/1x1/bb.svg]
[neptuneoption.com/dist/vendors/flags-icon/flags/4x3/bh.svg]
[neptuneoption.com/dist/vendors/flags-icon/flags/1x1/bh.svg]
[neptuneoption.com/dist/vendors/flags-icon/flags/4x3/bi.svg]
[neptuneoption.com/dist/vendors/flags-icon/flags/1x1/bi.svg]
[neptuneoption.com/dist/vendors/flags-icon/flags/4x3/bj.svg]
[neptuneoption.com/dist/vendors/flags-icon/flags/1x1/bj.svg]
[neptuneoption.com/dist/vendors/flags-icon/flags/4x3/bm.svg]
[neptuneoption.com/dist/vendors/flags-icon/flags/1x1/bm.svg]
[neptuneoption.com/dist/vendors/flags-icon/flags/4x3/bn.svg]
[neptuneoption.com/dist/vendors/flags-icon/flags/1x1/bn.svg]
[neptuneoption.com/dist/vendors/flags-icon/flags/4x3/bo.svg]
[neptuneoption.com/dist/vendors/flags-icon/flags/1x1/bo.svg]
[neptuneoption.com/dist/vendors/flags-icon/flags/4x3/br.svg]
[neptuneoption.com/dist/vendors/flags-icon/flags/1x1/br.svg]
[neptuneoption.com/dist/vendors/flags-icon/flags/4x3/bs.svg]
[neptuneoption.com/dist/vendors/flags-icon/flags/1x1/bt.svg]
[neptuneoption.com/dist/vendors/flags-icon/flags/4x3/bv.svg]
[neptuneoption.com/dist/vendors/flags-icon/flags/1x1/bv.svg]
[neptuneoption.com/dist/vendors/flags-icon/flags/4x3/by.svg]
[neptuneoption.com/dist/vendors/flags-icon/flags/1x1/by.svg]
[neptuneoption.com/dist/vendors/flags-icon/flags/4x3/bz.svg]
[neptuneoption.com/dist/vendors/flags-icon/flags/1x1/bz.svg]
[neptuneoption.com/dist/vendors/flags-icon/flags/4x3/ca.svg]
[neptuneoption.com/dist/vendors/flags-icon/flags/1x1/ca.svg]
[neptuneoption.com/dist/vendors/flags-icon/flags/4x3/cc.svg]
[neptuneoption.com/dist/vendors/flags-icon/flags/1x1/cc.svg]
[neptuneoption.com/dist/vendors/flags-icon/flags/4x3/cd.svg]
[neptuneoption.com/dist/vendors/flags-icon/flags/1x1/cd.svg]
[neptuneoption.com/dist/vendors/flags-icon/flags/4x3/cf.svg]
[neptuneoption.com/dist/vendors/flags-icon/flags/1x1/cf.svg]
[neptuneoption.com/dist/vendors/flags-icon/flags/4x3/cg.svg]
[neptuneoption.com/dist/vendors/flags-icon/flags/1x1/cg.svg]
[neptuneoption.com/dist/vendors/flags-icon/flags/4x3/ck.svg]
[neptuneoption.com/dist/vendors/flags-icon/flags/1x1/ck.svg]
[neptuneoption.com/dist/vendors/flags-icon/flags/4x3/cl.svg]
[neptuneoption.com/dist/vendors/flags-icon/flags/1x1/cl.svg]
[neptuneoption.com/dist/vendors/flags-icon/flags/4x3/cm.svg]
[neptuneoption.com/dist/vendors/flags-icon/flags/1x1/cm.svg]
[neptuneoption.com/dist/vendors/flags-icon/flags/4x3/cn.svg]
[neptuneoption.com/dist/vendors/flags-icon/flags/1x1/cn.svg]
[neptuneoption.com/dist/vendors/flags-icon/flags/4x3/cu.svg]
[neptuneoption.com/dist/vendors/flags-icon/flags/1x1/cu.svg]
[neptuneoption.com/dist/vendors/flags-icon/flags/4x3/cv.svg]
[neptuneoption.com/dist/vendors/flags-icon/flags/1x1/cv.svg]
[neptuneoption.com/dist/vendors/flags-icon/flags/4x3/cw.svg]
[neptuneoption.com/dist/vendors/flags-icon/flags/1x1/cw.svg]
[neptuneoption.com/dist/vendors/flags-icon/flags/4x3/cx.svg]
[neptuneoption.com/dist/vendors/flags-icon/flags/1x1/cx.svg]
[neptuneoption.com/dist/vendors/flags-icon/flags/4x3/cy.svg]
[neptuneoption.com/dist/vendors/flags-icon/flags/1x1/cy.svg]
[neptuneoption.com/dist/vendors/flags-icon/flags/4x3/cz.svg]
[neptuneoption.com/dist/vendors/flags-icon/flags/1x1/cz.svg]
[neptuneoption.com/dist/vendors/flags-icon/flags/4x3/dj.svg]
[neptuneoption.com/dist/vendors/flags-icon/flags/1x1/dj.svg]
[neptuneoption.com/dist/vendors/flags-icon/flags/4x3/dm.svg]
[neptuneoption.com/dist/vendors/flags-icon/flags/1x1/dm.svg]
[neptuneoption.com/dist/vendors/flags-icon/flags/4x3/do.svg]
[neptuneoption.com/dist/vendors/flags-icon/flags/1x1/do.svg]
[neptuneoption.com/dist/vendors/flags-icon/flags/1x1/dz.svg]
[neptuneoption.com/dist/vendors/flags-icon/flags/4x3/ec.svg]
[neptuneoption.com/dist/vendors/flags-icon/flags/1x1/ec.svg]
[neptuneoption.com/dist/vendors/flags-icon/flags/4x3/ee.svg]
[neptuneoption.com/dist/vendors/flags-icon/flags/1x1/ee.svg]
[neptuneoption.com/dist/vendors/flags-icon/flags/4x3/eg.svg]
[neptuneoption.com/dist/vendors/flags-icon/flags/1x1/eg.svg]
[neptuneoption.com/dist/vendors/flags-icon/flags/4x3/eh.svg]
[neptuneoption.com/dist/vendors/flags-icon/flags/1x1/eh.svg]
[neptuneoption.com/dist/vendors/flags-icon/flags/4x3/er.svg]
[neptuneoption.com/dist/vendors/flags-icon/flags/1x1/er.svg]
[neptuneoption.com/dist/vendors/flags-icon/flags/4x3/es.svg]
[neptuneoption.com/dist/vendors/flags-icon/flags/1x1/es.svg]
[neptuneoption.com/dist/vendors/flags-icon/flags/4x3/et.svg]
[neptuneoption.com/dist/vendors/flags-icon/flags/1x1/et.svg]
[neptuneoption.com/dist/vendors/flags-icon/flags/4x3/fj.svg]
[neptuneoption.com/dist/vendors/flags-icon/flags/1x1/fj.svg]
[neptuneoption.com/dist/vendors/flags-icon/flags/4x3/fk.svg]
[neptuneoption.com/dist/vendors/flags-icon/flags/1x1/fk.svg]
[neptuneoption.com/dist/vendors/flags-icon/flags/4x3/fm.svg]
[neptuneoption.com/dist/vendors/flags-icon/flags/1x1/fm.svg]
[neptuneoption.com/dist/vendors/flags-icon/flags/4x3/fo.svg]
[neptuneoption.com/dist/vendors/flags-icon/flags/1x1/fo.svg]
[neptuneoption.com/dist/vendors/flags-icon/flags/4x3/gb.svg]
[neptuneoption.com/dist/vendors/flags-icon/flags/4x3/gd.svg]
[neptuneoption.com/dist/vendors/flags-icon/flags/1x1/gd.svg]
[neptuneoption.com/dist/vendors/flags-icon/flags/4x3/ge.svg]
[neptuneoption.com/dist/vendors/flags-icon/flags/1x1/ge.svg]
[neptuneoption.com/dist/vendors/flags-icon/flags/4x3/gg.svg]
[neptuneoption.com/dist/vendors/flags-icon/flags/1x1/gg.svg]
[neptuneoption.com/dist/vendors/flags-icon/flags/4x3/gi.svg]
[neptuneoption.com/dist/vendors/flags-icon/flags/1x1/gi.svg]
[neptuneoption.com/dist/vendors/flags-icon/flags/4x3/gm.svg]
[neptuneoption.com/dist/vendors/flags-icon/flags/1x1/gm.svg]
[neptuneoption.com/dist/vendors/flags-icon/flags/4x3/gq.svg]
[neptuneoption.com/dist/vendors/flags-icon/flags/4x3/gr.svg]
[neptuneoption.com/dist/vendors/flags-icon/flags/1x1/gr.svg]
[neptuneoption.com/dist/vendors/flags-icon/flags/4x3/gs.svg]
[neptuneoption.com/dist/vendors/flags-icon/flags/1x1/gs.svg]
[neptuneoption.com/dist/vendors/flags-icon/flags/4x3/gt.svg]
[neptuneoption.com/dist/vendors/flags-icon/flags/1x1/gt.svg]
[neptuneoption.com/dist/vendors/flags-icon/flags/4x3/gu.svg]
[neptuneoption.com/dist/vendors/flags-icon/flags/1x1/gu.svg]
[neptuneoption.com/dist/vendors/flags-icon/flags/4x3/gw.svg]
[neptuneoption.com/dist/vendors/flags-icon/flags/1x1/gw.svg]
[neptuneoption.com/dist/vendors/flags-icon/flags/4x3/gy.svg]
[neptuneoption.com/dist/vendors/flags-icon/flags/1x1/gy.svg]
[neptuneoption.com/dist/vendors/flags-icon/flags/4x3/hk.svg]
[neptuneoption.com/dist/vendors/flags-icon/flags/1x1/hk.svg]
[neptuneoption.com/dist/vendors/flags-icon/flags/4x3/hm.svg]
[neptuneoption.com/dist/vendors/flags-icon/flags/1x1/hm.svg]
[neptuneoption.com/dist/vendors/flags-icon/flags/4x3/hn.svg]
[neptuneoption.com/dist/vendors/flags-icon/flags/1x1/hn.svg]
[neptuneoption.com/dist/vendors/flags-icon/flags/4x3/hr.svg]
[neptuneoption.com/dist/vendors/flags-icon/flags/1x1/hr.svg]
[neptuneoption.com/dist/vendors/flags-icon/flags/4x3/ht.svg]
[neptuneoption.com/dist/vendors/flags-icon/flags/1x1/ht.svg]
[neptuneoption.com/dist/vendors/flags-icon/flags/1x1/il.svg]
[neptuneoption.com/dist/vendors/flags-icon/flags/4x3/im.svg]
[neptuneoption.com/dist/vendors/flags-icon/flags/1x1/im.svg]
[neptuneoption.com/dist/vendors/flags-icon/flags/4x3/in.svg]
[neptuneoption.com/dist/vendors/flags-icon/flags/1x1/in.svg]
[neptuneoption.com/dist/vendors/flags-icon/flags/4x3/io.svg]
[neptuneoption.com/dist/vendors/flags-icon/flags/1x1/io.svg]
[neptuneoption.com/dist/vendors/flags-icon/flags/4x3/iq.svg]
[neptuneoption.com/dist/vendors/flags-icon/flags/1x1/iq.svg]
[neptuneoption.com/dist/vendors/flags-icon/flags/4x3/ir.svg]
[neptuneoption.com/dist/vendors/flags-icon/flags/1x1/ir.svg]
[neptuneoption.com/dist/vendors/flags-icon/flags/4x3/is.svg]
[neptuneoption.com/dist/vendors/flags-icon/flags/1x1/is.svg]
[neptuneoption.com/dist/vendors/flags-icon/flags/4x3/je.svg]
[neptuneoption.com/dist/vendors/flags-icon/flags/1x1/je.svg]
[neptuneoption.com/dist/vendors/flags-icon/flags/4x3/jm.svg]
[neptuneoption.com/dist/vendors/flags-icon/flags/1x1/jm.svg]
[neptuneoption.com/dist/vendors/flags-icon/flags/4x3/jo.svg]
[neptuneoption.com/dist/vendors/flags-icon/flags/1x1/jo.svg]
[neptuneoption.com/dist/vendors/flags-icon/flags/4x3/jp.svg]
[neptuneoption.com/dist/vendors/flags-icon/flags/4x3/ke.svg]
[neptuneoption.com/dist/vendors/flags-icon/flags/1x1/ke.svg]
[neptuneoption.com/dist/vendors/flags-icon/flags/4x3/kg.svg]
[neptuneoption.com/dist/vendors/flags-icon/flags/1x1/kg.svg]
[neptuneoption.com/dist/vendors/flags-icon/flags/4x3/kh.svg]
[neptuneoption.com/dist/vendors/flags-icon/flags/1x1/kh.svg]
[neptuneoption.com/dist/vendors/flags-icon/flags/1x1/ki.svg]
[neptuneoption.com/dist/vendors/flags-icon/flags/4x3/km.svg]
[neptuneoption.com/dist/vendors/flags-icon/flags/1x1/km.svg]
[neptuneoption.com/dist/vendors/flags-icon/flags/4x3/kn.svg]
[neptuneoption.com/dist/vendors/flags-icon/flags/1x1/kn.svg]
[neptuneoption.com/dist/vendors/flags-icon/flags/4x3/kp.svg]
[neptuneoption.com/dist/vendors/flags-icon/flags/1x1/kp.svg]
[neptuneoption.com/dist/vendors/flags-icon/flags/4x3/kr.svg]
[neptuneoption.com/dist/vendors/flags-icon/flags/1x1/kr.svg]
[neptuneoption.com/dist/vendors/flags-icon/flags/4x3/kw.svg]
[neptuneoption.com/dist/vendors/flags-icon/flags/1x1/kw.svg]
[neptuneoption.com/dist/vendors/flags-icon/flags/4x3/ky.svg]
[neptuneoption.com/dist/vendors/flags-icon/flags/1x1/ky.svg]
[neptuneoption.com/dist/vendors/flags-icon/flags/4x3/kz.svg]
[neptuneoption.com/dist/vendors/flags-icon/flags/1x1/kz.svg]
[neptuneoption.com/dist/vendors/flags-icon/flags/4x3/la.svg]
[neptuneoption.com/dist/vendors/flags-icon/flags/1x1/la.svg]
[neptuneoption.com/dist/vendors/flags-icon/flags/1x1/lb.svg]
[neptuneoption.com/dist/vendors/flags-icon/flags/4x3/lc.svg]
[neptuneoption.com/dist/vendors/flags-icon/flags/1x1/lc.svg]
[neptuneoption.com/dist/vendors/flags-icon/flags/4x3/li.svg]
[neptuneoption.com/dist/vendors/flags-icon/flags/1x1/li.svg]
[neptuneoption.com/dist/vendors/flags-icon/flags/4x3/lk.svg]
[neptuneoption.com/dist/vendors/flags-icon/flags/1x1/lk.svg]
[neptuneoption.com/dist/vendors/flags-icon/flags/4x3/lr.svg]
[neptuneoption.com/dist/vendors/flags-icon/flags/1x1/lr.svg]
[neptuneoption.com/dist/vendors/flags-icon/flags/4x3/ls.svg]
[neptuneoption.com/dist/vendors/flags-icon/flags/1x1/ls.svg]
[neptuneoption.com/dist/vendors/flags-icon/flags/4x3/lt.svg]
[neptuneoption.com/dist/vendors/flags-icon/flags/1x1/lt.svg]
[neptuneoption.com/dist/vendors/flags-icon/flags/4x3/ly.svg]
[neptuneoption.com/dist/vendors/flags-icon/flags/1x1/ly.svg]
[neptuneoption.com/dist/vendors/flags-icon/flags/4x3/md.svg]
[neptuneoption.com/dist/vendors/flags-icon/flags/1x1/md.svg]
[neptuneoption.com/dist/vendors/flags-icon/flags/4x3/me.svg]
[neptuneoption.com/dist/vendors/flags-icon/flags/1x1/me.svg]
[neptuneoption.com/dist/vendors/flags-icon/flags/4x3/mg.svg]
[neptuneoption.com/dist/vendors/flags-icon/flags/1x1/mg.svg]
[neptuneoption.com/dist/vendors/flags-icon/flags/4x3/mh.svg]
[neptuneoption.com/dist/vendors/flags-icon/flags/1x1/mh.svg]
[neptuneoption.com/dist/vendors/flags-icon/flags/4x3/mk.svg]
[neptuneoption.com/dist/vendors/flags-icon/flags/1x1/mk.svg]
[neptuneoption.com/dist/vendors/flags-icon/flags/4x3/mm.svg]
[neptuneoption.com/dist/vendors/flags-icon/flags/1x1/mm.svg]
[neptuneoption.com/dist/vendors/flags-icon/flags/4x3/mn.svg]
[neptuneoption.com/dist/vendors/flags-icon/flags/1x1/mn.svg]
[neptuneoption.com/dist/vendors/flags-icon/flags/4x3/mo.svg]
[neptuneoption.com/dist/vendors/flags-icon/flags/1x1/mo.svg]
[neptuneoption.com/dist/vendors/flags-icon/flags/4x3/mp.svg]
[neptuneoption.com/dist/vendors/flags-icon/flags/1x1/mp.svg]
[neptuneoption.com/dist/vendors/flags-icon/flags/4x3/mr.svg]
[neptuneoption.com/dist/vendors/flags-icon/flags/1x1/mr.svg]
[neptuneoption.com/dist/vendors/flags-icon/flags/4x3/ms.svg]
[neptuneoption.com/dist/vendors/flags-icon/flags/1x1/ms.svg]
[neptuneoption.com/dist/vendors/flags-icon/flags/4x3/mt.svg]
[neptuneoption.com/dist/vendors/flags-icon/flags/1x1/mt.svg]
[neptuneoption.com/dist/vendors/flags-icon/flags/4x3/mu.svg]
[neptuneoption.com/dist/vendors/flags-icon/flags/1x1/mu.svg]
[neptuneoption.com/dist/vendors/flags-icon/flags/1x1/mv.svg]
[neptuneoption.com/dist/vendors/flags-icon/flags/4x3/mw.svg]
[neptuneoption.com/dist/vendors/flags-icon/flags/1x1/mw.svg]
[neptuneoption.com/dist/vendors/flags-icon/flags/4x3/mx.svg]
[neptuneoption.com/dist/vendors/flags-icon/flags/1x1/mx.svg]
[neptuneoption.com/dist/vendors/flags-icon/flags/4x3/my.svg]
[neptuneoption.com/dist/vendors/flags-icon/flags/4x3/mz.svg]
[neptuneoption.com/dist/vendors/flags-icon/flags/1x1/mz.svg]
[neptuneoption.com/dist/vendors/flags-icon/flags/4x3/na.svg]
[neptuneoption.com/dist/vendors/flags-icon/flags/1x1/na.svg]
[neptuneoption.com/dist/vendors/flags-icon/flags/4x3/nf.svg]
[neptuneoption.com/dist/vendors/flags-icon/flags/1x1/nf.svg]
[neptuneoption.com/dist/vendors/flags-icon/flags/4x3/ni.svg]
[neptuneoption.com/dist/vendors/flags-icon/flags/1x1/ni.svg]
[neptuneoption.com/dist/vendors/flags-icon/flags/4x3/no.svg]
[neptuneoption.com/dist/vendors/flags-icon/flags/1x1/no.svg]
[neptuneoption.com/dist/vendors/flags-icon/flags/4x3/np.svg]
[neptuneoption.com/dist/vendors/flags-icon/flags/1x1/np.svg]
[neptuneoption.com/dist/vendors/flags-icon/flags/4x3/nr.svg]
[neptuneoption.com/dist/vendors/flags-icon/flags/1x1/nr.svg]
[neptuneoption.com/dist/vendors/flags-icon/flags/4x3/nu.svg]
[neptuneoption.com/dist/vendors/flags-icon/flags/1x1/nu.svg]
[neptuneoption.com/dist/vendors/flags-icon/flags/4x3/nz.svg]
[neptuneoption.com/dist/vendors/flags-icon/flags/1x1/nz.svg]
[neptuneoption.com/dist/vendors/flags-icon/flags/4x3/om.svg]
[neptuneoption.com/dist/vendors/flags-icon/flags/1x1/om.svg]
[neptuneoption.com/dist/vendors/flags-icon/flags/4x3/pa.svg]
[neptuneoption.com/dist/vendors/flags-icon/flags/1x1/pa.svg]
[neptuneoption.com/dist/vendors/flags-icon/flags/4x3/pe.svg]
[neptuneoption.com/dist/vendors/flags-icon/flags/1x1/pe.svg]
[neptuneoption.com/dist/vendors/flags-icon/flags/4x3/pf.svg]
[neptuneoption.com/dist/vendors/flags-icon/flags/1x1/pf.svg]
[neptuneoption.com/dist/vendors/flags-icon/flags/4x3/pg.svg]
[neptuneoption.com/dist/vendors/flags-icon/flags/1x1/pg.svg]
[neptuneoption.com/dist/vendors/flags-icon/flags/4x3/ph.svg]
[neptuneoption.com/dist/vendors/flags-icon/flags/1x1/ph.svg]
[neptuneoption.com/dist/vendors/flags-icon/flags/4x3/pk.svg]
[neptuneoption.com/dist/vendors/flags-icon/flags/1x1/pk.svg]
[neptuneoption.com/dist/vendors/flags-icon/flags/4x3/pn.svg]
[neptuneoption.com/dist/vendors/flags-icon/flags/1x1/pn.svg]
[neptuneoption.com/dist/vendors/flags-icon/flags/4x3/pr.svg]
[neptuneoption.com/dist/vendors/flags-icon/flags/1x1/pr.svg]
[neptuneoption.com/dist/vendors/flags-icon/flags/4x3/ps.svg]
[neptuneoption.com/dist/vendors/flags-icon/flags/1x1/ps.svg]
[neptuneoption.com/dist/vendors/flags-icon/flags/4x3/pt.svg]
[neptuneoption.com/dist/vendors/flags-icon/flags/1x1/pt.svg]
[neptuneoption.com/dist/vendors/flags-icon/flags/4x3/pw.svg]
[neptuneoption.com/dist/vendors/flags-icon/flags/1x1/pw.svg]
[neptuneoption.com/dist/vendors/flags-icon/flags/4x3/py.svg]
[neptuneoption.com/dist/vendors/flags-icon/flags/1x1/py.svg]
[neptuneoption.com/dist/vendors/flags-icon/flags/4x3/qa.svg]
[neptuneoption.com/dist/vendors/flags-icon/flags/1x1/qa.svg]
[neptuneoption.com/dist/vendors/flags-icon/flags/4x3/ro.svg]
[neptuneoption.com/dist/vendors/flags-icon/flags/1x1/ro.svg]
[neptuneoption.com/dist/vendors/flags-icon/flags/4x3/rs.svg]
[neptuneoption.com/dist/vendors/flags-icon/flags/1x1/rs.svg]
[neptuneoption.com/dist/vendors/flags-icon/flags/4x3/rw.svg]
[neptuneoption.com/dist/vendors/flags-icon/flags/1x1/rw.svg]
[neptuneoption.com/dist/vendors/flags-icon/flags/4x3/sa.svg]
[neptuneoption.com/dist/vendors/flags-icon/flags/1x1/sa.svg]
[neptuneoption.com/dist/vendors/flags-icon/flags/4x3/sb.svg]
[neptuneoption.com/dist/vendors/flags-icon/flags/1x1/sb.svg]
[neptuneoption.com/dist/vendors/flags-icon/flags/4x3/sc.svg]
[neptuneoption.com/dist/vendors/flags-icon/flags/1x1/sc.svg]
[neptuneoption.com/dist/vendors/flags-icon/flags/4x3/sd.svg]
[neptuneoption.com/dist/vendors/flags-icon/flags/1x1/sd.svg]
[neptuneoption.com/dist/vendors/flags-icon/flags/1x1/se.svg]
[neptuneoption.com/dist/vendors/flags-icon/flags/4x3/sg.svg]
[neptuneoption.com/dist/vendors/flags-icon/flags/1x1/sg.svg]
[neptuneoption.com/dist/vendors/flags-icon/flags/4x3/sh.svg]
[neptuneoption.com/dist/vendors/flags-icon/flags/1x1/sh.svg]
[neptuneoption.com/dist/vendors/flags-icon/flags/4x3/si.svg]
[neptuneoption.com/dist/vendors/flags-icon/flags/1x1/si.svg]
[neptuneoption.com/dist/vendors/flags-icon/flags/4x3/sj.svg]
[neptuneoption.com/dist/vendors/flags-icon/flags/1x1/sj.svg]
[neptuneoption.com/dist/vendors/flags-icon/flags/4x3/sk.svg]
[neptuneoption.com/dist/vendors/flags-icon/flags/1x1/sk.svg]
[neptuneoption.com/dist/vendors/flags-icon/flags/1x1/sl.svg]
[neptuneoption.com/dist/vendors/flags-icon/flags/4x3/sm.svg]
[neptuneoption.com/dist/vendors/flags-icon/flags/1x1/sm.svg]
[neptuneoption.com/dist/vendors/flags-icon/flags/4x3/sn.svg]
[neptuneoption.com/dist/vendors/flags-icon/flags/1x1/sn.svg]
[neptuneoption.com/dist/vendors/flags-icon/flags/4x3/so.svg]
[neptuneoption.com/dist/vendors/flags-icon/flags/1x1/so.svg]
[neptuneoption.com/dist/vendors/flags-icon/flags/4x3/sr.svg]
[neptuneoption.com/dist/vendors/flags-icon/flags/1x1/sr.svg]
[neptuneoption.com/dist/vendors/flags-icon/flags/4x3/ss.svg]
[neptuneoption.com/dist/vendors/flags-icon/flags/1x1/ss.svg]
[neptuneoption.com/dist/vendors/flags-icon/flags/4x3/st.svg]
[neptuneoption.com/dist/vendors/flags-icon/flags/1x1/st.svg]
[neptuneoption.com/dist/vendors/flags-icon/flags/1x1/sv.svg]
[neptuneoption.com/dist/vendors/flags-icon/flags/4x3/sx.svg]
[neptuneoption.com/dist/vendors/flags-icon/flags/1x1/sx.svg]
[neptuneoption.com/dist/vendors/flags-icon/flags/4x3/sy.svg]
[neptuneoption.com/dist/vendors/flags-icon/flags/1x1/sy.svg]
[neptuneoption.com/dist/vendors/flags-icon/flags/1x1/sz.svg]
[neptuneoption.com/dist/vendors/flags-icon/flags/4x3/tc.svg]
[neptuneoption.com/dist/vendors/flags-icon/flags/1x1/tc.svg]
[neptuneoption.com/dist/vendors/flags-icon/flags/1x1/tf.svg]
[neptuneoption.com/dist/vendors/flags-icon/flags/4x3/tg.svg]
[neptuneoption.com/dist/vendors/flags-icon/flags/4x3/um.svg]
[neptuneoption.com/dist/vendors/flags-icon/flags/1x1/um.svg]
[neptuneoption.com/dist/vendors/flags-icon/flags/4x3/us.svg]
[neptuneoption.com/dist/vendors/flags-icon/flags/1x1/us.svg]
[neptuneoption.com/dist/vendors/flags-icon/flags/4x3/uy.svg]
[neptuneoption.com/dist/vendors/flags-icon/flags/1x1/uy.svg]
[neptuneoption.com/dist/vendors/flags-icon/flags/4x3/uz.svg]
[neptuneoption.com/dist/vendors/flags-icon/flags/1x1/uz.svg]
[neptuneoption.com/dist/vendors/flags-icon/flags/4x3/va.svg]
[neptuneoption.com/dist/vendors/flags-icon/flags/1x1/va.svg]
[neptuneoption.com/dist/vendors/flags-icon/flags/4x3/ve.svg]
[neptuneoption.com/dist/vendors/flags-icon/flags/4x3/vn.svg]
[neptuneoption.com/dist/vendors/flags-icon/flags/1x1/vn.svg]
[neptuneoption.com/dist/vendors/flags-icon/flags/4x3/vu.svg]
[neptuneoption.com/dist/vendors/flags-icon/flags/1x1/vu.svg]
[neptuneoption.com/dist/vendors/flags-icon/flags/4x3/ws.svg]
[neptuneoption.com/dist/vendors/flags-icon/flags/1x1/ws.svg]
[neptuneoption.com/dist/vendors/flags-icon/flags/4x3/za.svg]
[neptuneoption.com/dist/vendors/flags-icon/flags/1x1/za.svg]
[neptuneoption.com/dist/vendors/flags-icon/flags/4x3/zm.svg]
[neptuneoption.com/dist/vendors/flags-icon/flags/4x3/zw.svg]
[neptuneoption.com/dist/vendors/flags-icon/flags/1x1/zw.svg]
[neptuneoption.com/dist/vendors/flags-icon/flags/4x3/eu.svg]
[neptuneoption.com/dist/vendors/flags-icon/flags/1x1/eu.svg]
[neptuneoption.com/dist/vendors/flags-icon/flags/4x3/gb-nir.svg]
[neptuneoption.com/dist/vendors/flags-icon/flags/1x1/gb-nir.svg]
[neptuneoption.com/dist/vendors/flags-icon/flags/4x3/gb-wls.svg]
[neptuneoption.com/dist/vendors/flags-icon/flags/1x1/gb-wls.svg]
[neptuneoption.com/dist/vendors/flags-icon/flags/4x3/un.svg]
[neptuneoption.com/dist/vendors/flags-icon/flags/1x1/un.svg]
[neptuneoption.com/dist/vendors/flags-icon/css/flag-icon.min.css]
[neptuneoption.com/dist/vendors/flag-select/css/flags.png]
[neptuneoption.com/dist/vendors/flag-select/css/flags.css]
[neptuneoption.com/dist/vendors/social-button/bootstrap-social.css]
[neptuneoption.com/dist/css/main.css]
[neptuneoption.com/dist/vendors/jquery/jquery-3.3.1.min.js]
[neptuneoption.com/dist/vendors/bootstrap/js/bootstrap.bundle.min.js]
[neptuneoption.com/dist/vendors/slimscroll/jquery.slimscroll.min.js]
[neptuneoption.com/dist/vendors/flag-select/js/jquery.flagstrap.min.js]
[neptuneoption.com/reg.js]
[neptuneoption.com/Crypto-2.html]
[neptuneoption.com/indices-2.html]
[neptuneoption.com/shares-2.html]
[neptuneoption.com/metals-2.html]
[neptuneoption.com/soft-commodities.html]
[neptuneoption.com/energies-2.html]
[www.tmgm.com/img/trademax-EA.gif]
[neptuneoption.com/en/images/img-cta-bg.jpg]
[neptuneoption.com/en/images/img-cta-light-bg.png]
[neptuneoption.com/en/images/img-body-bg.jpg]
[www.tmgm.com/img/lp3.png]
[www.tmgm.com/img/account.png]
[www.tmgm.com/img/sydney-img.jpg]
[www.tmgm.com/img/lp2-sn2.png]
[www.tmgm.com/img/lp3-sn2.png]
[neptuneoption.com/images/img-title-dot.png]
[neptuneoption.com/dist/vendors/jquery-ui/images/ui-icons_444444_256x240.png]
[neptuneoption.com/images/img-blue-shape-bg.png]
[neptuneoption.com/dist/vendors/jquery-ui/images/ui-icons_ffffff_256x240.png]
[neptuneoption.com/dist/vendors/jquery-ui/images/ui-icons_777620_256x240.png]
[neptuneoption.com/dist/vendors/jquery-ui/images/ui-icons_cc0000_256x240.png]
[neptuneoption.com/dist/vendors/jquery-ui/images/ui-icons_777777_256x240.png]
[neptuneoption.com/dist/vendors/flags-icon/flags/4x3/ad.svg]
[neptuneoption.com/dist/vendors/flags-icon/flags/1x1/ad.svg]
[neptuneoption.com/dist/vendors/flags-icon/flags/4x3/ae.svg]
[neptuneoption.com/dist/vendors/flags-icon/flags/4x3/af.svg]
[neptuneoption.com/dist/vendors/flags-icon/flags/1x1/af.svg]
[neptuneoption.com/dist/vendors/flags-icon/flags/4x3/ag.svg]
[neptuneoption.com/dist/vendors/flags-icon/flags/1x1/ag.svg]
[neptuneoption.com/dist/vendors/flags-icon/flags/4x3/ai.svg]
[neptuneoption.com/dist/vendors/flags-icon/flags/1x1/ai.svg]
[neptuneoption.com/dist/vendors/flags-icon/flags/4x3/al.svg]
[neptuneoption.com/dist/vendors/flags-icon/flags/1x1/al.svg]
[neptuneoption.com/dist/vendors/flags-icon/flags/4x3/am.svg]
[neptuneoption.com/dist/vendors/flags-icon/flags/1x1/am.svg]
[neptuneoption.com/dist/vendors/flags-icon/flags/4x3/ao.svg]
[neptuneoption.com/dist/vendors/flags-icon/flags/1x1/ao.svg]
[neptuneoption.com/dist/vendors/flags-icon/flags/4x3/aq.svg]
[neptuneoption.com/dist/vendors/flags-icon/flags/1x1/aq.svg]
[neptuneoption.com/dist/vendors/flags-icon/flags/4x3/ar.svg]
[neptuneoption.com/dist/vendors/flags-icon/flags/1x1/ar.svg]
[neptuneoption.com/dist/vendors/flags-icon/flags/4x3/as.svg]
[neptuneoption.com/dist/vendors/flags-icon/flags/1x1/as.svg]
[neptuneoption.com/dist/vendors/flags-icon/flags/4x3/at.svg]
[neptuneoption.com/dist/vendors/flags-icon/flags/1x1/at.svg]
[neptuneoption.com/dist/vendors/flags-icon/flags/4x3/au.svg]
[neptuneoption.com/dist/vendors/flags-icon/flags/1x1/au.svg]
[neptuneoption.com/dist/vendors/flags-icon/flags/4x3/aw.svg]
[neptuneoption.com/dist/vendors/flags-icon/flags/1x1/aw.svg]
[neptuneoption.com/dist/vendors/flags-icon/flags/4x3/ax.svg]
[neptuneoption.com/dist/vendors/flags-icon/flags/1x1/ax.svg]
[neptuneoption.com/dist/vendors/flags-icon/flags/4x3/az.svg]
[neptuneoption.com/dist/vendors/flags-icon/flags/1x1/az.svg]
[neptuneoption.com/dist/vendors/flags-icon/flags/4x3/ba.svg]
[neptuneoption.com/dist/vendors/flags-icon/flags/1x1/ba.svg]
[neptuneoption.com/dist/vendors/flags-icon/flags/4x3/bb.svg]
[neptuneoption.com/dist/vendors/flags-icon/flags/1x1/bb.svg]
[neptuneoption.com/dist/vendors/flags-icon/flags/4x3/bd.svg]
[www.tmgm.com/img/inquiries.png]
[neptuneoption.com/dist/vendors/flags-icon/flags/4x3/be.svg]
[neptuneoption.com/dist/vendors/flags-icon/flags/1x1/be.svg]
[neptuneoption.com/dist/vendors/flags-icon/flags/4x3/bf.svg]
[neptuneoption.com/dist/vendors/flags-icon/flags/1x1/bg.svg]
[neptuneoption.com/dist/vendors/flags-icon/flags/4x3/bh.svg]
[neptuneoption.com/dist/vendors/flags-icon/flags/1x1/bh.svg]
[neptuneoption.com/dist/vendors/flags-icon/flags/4x3/bi.svg]
[neptuneoption.com/dist/vendors/flags-icon/flags/1x1/bi.svg]
[neptuneoption.com/dist/vendors/flags-icon/flags/4x3/bj.svg]
[neptuneoption.com/dist/vendors/flags-icon/flags/1x1/bj.svg]
[neptuneoption.com/dist/vendors/flags-icon/flags/4x3/bl.svg]
[neptuneoption.com/dist/vendors/flags-icon/flags/1x1/bl.svg]
[neptuneoption.com/dist/vendors/flags-icon/flags/4x3/bm.svg]
[neptuneoption.com/dist/vendors/flags-icon/flags/1x1/bm.svg]
[neptuneoption.com/dist/vendors/flags-icon/flags/4x3/bn.svg]
[neptuneoption.com/dist/vendors/flags-icon/flags/1x1/bn.svg]
[neptuneoption.com/dist/vendors/flags-icon/flags/4x3/bo.svg]
[neptuneoption.com/dist/vendors/flags-icon/flags/1x1/bo.svg]
[neptuneoption.com/dist/vendors/flags-icon/flags/4x3/bq.svg]
[neptuneoption.com/dist/vendors/flags-icon/flags/1x1/bq.svg]
[neptuneoption.com/dist/vendors/flags-icon/flags/4x3/br.svg]
[neptuneoption.com/dist/vendors/flags-icon/flags/1x1/br.svg]
[neptuneoption.com/dist/vendors/flags-icon/flags/4x3/bs.svg]
[www.tmgm.com/img/melbourne-img.jpg]
[neptuneoption.com/dist/vendors/flags-icon/flags/4x3/bt.svg]
[neptuneoption.com/dist/vendors/flags-icon/flags/1x1/bt.svg]
[neptuneoption.com/dist/vendors/flags-icon/flags/4x3/bv.svg]
[neptuneoption.com/dist/vendors/flags-icon/flags/1x1/bv.svg]
[neptuneoption.com/dist/vendors/flags-icon/flags/4x3/bw.svg]
[neptuneoption.com/dist/vendors/flags-icon/flags/1x1/bw.svg]
[neptuneoption.com/dist/vendors/flags-icon/flags/4x3/by.svg]
[neptuneoption.com/dist/vendors/flags-icon/flags/1x1/by.svg]
[neptuneoption.com/dist/vendors/flags-icon/flags/4x3/bz.svg]
[neptuneoption.com/dist/vendors/flags-icon/flags/1x1/bz.svg]
[neptuneoption.com/dist/vendors/flags-icon/flags/4x3/ca.svg]
[neptuneoption.com/dist/vendors/flags-icon/flags/1x1/ca.svg]
[neptuneoption.com/dist/vendors/flags-icon/flags/4x3/cc.svg]
[neptuneoption.com/dist/vendors/flags-icon/flags/1x1/cc.svg]
[neptuneoption.com/dist/vendors/flags-icon/flags/4x3/cd.svg]
[neptuneoption.com/dist/vendors/flags-icon/flags/1x1/cd.svg]
[neptuneoption.com/dist/vendors/flags-icon/flags/4x3/cf.svg]
[neptuneoption.com/dist/vendors/flags-icon/flags/1x1/cf.svg]
[neptuneoption.com/dist/vendors/flags-icon/flags/4x3/cg.svg]
[neptuneoption.com/dist/vendors/flags-icon/flags/1x1/cg.svg]
[neptuneoption.com/dist/vendors/flags-icon/flags/4x3/ch.svg]
[neptuneoption.com/dist/vendors/flags-icon/flags/1x1/ch.svg]
[neptuneoption.com/dist/vendors/flags-icon/flags/4x3/ci.svg]
[neptuneoption.com/dist/vendors/flags-icon/flags/1x1/ci.svg]
[neptuneoption.com/dist/vendors/flags-icon/flags/4x3/ck.svg]
[neptuneoption.com/dist/vendors/flags-icon/flags/1x1/ck.svg]
[neptuneoption.com/dist/vendors/flags-icon/flags/4x3/cl.svg]
[neptuneoption.com/dist/vendors/flags-icon/flags/1x1/cl.svg]
[neptuneoption.com/dist/vendors/flags-icon/flags/4x3/cm.svg]
[neptuneoption.com/dist/vendors/flags-icon/flags/1x1/cm.svg]
[neptuneoption.com/dist/vendors/flags-icon/flags/4x3/cn.svg]
[neptuneoption.com/dist/vendors/flags-icon/flags/1x1/cn.svg]
[neptuneoption.com/dist/vendors/flags-icon/flags/4x3/co.svg]
[neptuneoption.com/dist/vendors/flags-icon/flags/1x1/co.svg]
[neptuneoption.com/dist/vendors/flags-icon/flags/4x3/cr.svg]
[neptuneoption.com/dist/vendors/flags-icon/flags/1x1/cr.svg]
[neptuneoption.com/dist/vendors/flags-icon/flags/4x3/cu.svg]
[neptuneoption.com/dist/vendors/flags-icon/flags/1x1/cu.svg]
[neptuneoption.com/dist/vendors/flags-icon/flags/4x3/cv.svg]
[neptuneoption.com/dist/vendors/flags-icon/flags/1x1/cv.svg]
[neptuneoption.com/dist/vendors/flags-icon/flags/4x3/cw.svg]
[neptuneoption.com/dist/vendors/flags-icon/flags/1x1/cw.svg]
[neptuneoption.com/dist/vendors/flags-icon/flags/4x3/cx.svg]
[neptuneoption.com/dist/vendors/flags-icon/flags/1x1/cx.svg]
[neptuneoption.com/dist/vendors/flags-icon/flags/4x3/cy.svg]
[neptuneoption.com/dist/vendors/flags-icon/flags/1x1/cy.svg]
[neptuneoption.com/dist/vendors/flags-icon/flags/4x3/cz.svg]
[neptuneoption.com/dist/vendors/flags-icon/flags/1x1/cz.svg]
[neptuneoption.com/dist/vendors/flags-icon/flags/4x3/de.svg]
[neptuneoption.com/dist/vendors/flags-icon/flags/1x1/de.svg]
[neptuneoption.com/dist/vendors/flags-icon/flags/4x3/dj.svg]
[neptuneoption.com/dist/vendors/flags-icon/flags/1x1/dj.svg]
[neptuneoption.com/dist/vendors/flags-icon/flags/4x3/dk.svg]
[neptuneoption.com/dist/vendors/flags-icon/flags/1x1/dk.svg]
[neptuneoption.com/dist/vendors/flags-icon/flags/4x3/dm.svg]
[neptuneoption.com/dist/vendors/flags-icon/flags/1x1/dm.svg]
[neptuneoption.com/dist/vendors/flags-icon/flags/1x1/bf.svg]
[neptuneoption.com/dist/vendors/flags-icon/flags/1x1/bs.svg]
[neptuneoption.com/dist/vendors/flags-icon/flags/4x3/do.svg]
[neptuneoption.com/dist/vendors/flags-icon/flags/1x1/do.svg]
[neptuneoption.com/dist/vendors/flags-icon/flags/4x3/dz.svg]
[neptuneoption.com/dist/vendors/flags-icon/flags/1x1/dz.svg]
[neptuneoption.com/dist/vendors/flags-icon/flags/4x3/ec.svg]
[neptuneoption.com/dist/vendors/flags-icon/flags/1x1/ec.svg]
[neptuneoption.com/dist/vendors/flags-icon/flags/4x3/ee.svg]
[neptuneoption.com/dist/vendors/flags-icon/flags/1x1/ee.svg]
[neptuneoption.com/dist/vendors/flags-icon/flags/4x3/eg.svg]
[neptuneoption.com/dist/vendors/flags-icon/flags/1x1/eg.svg]
[neptuneoption.com/dist/vendors/flags-icon/flags/4x3/eh.svg]
[neptuneoption.com/dist/vendors/flags-icon/flags/1x1/eh.svg]
[neptuneoption.com/dist/vendors/flags-icon/flags/4x3/er.svg]
[neptuneoption.com/dist/vendors/flags-icon/flags/1x1/er.svg]
[neptuneoption.com/dist/vendors/flags-icon/flags/4x3/es.svg]
[neptuneoption.com/dist/vendors/flags-icon/flags/1x1/es.svg]
[neptuneoption.com/dist/vendors/flags-icon/flags/4x3/et.svg]
[neptuneoption.com/dist/vendors/flags-icon/flags/1x1/et.svg]
[neptuneoption.com/dist/vendors/flags-icon/flags/4x3/fi.svg]
[neptuneoption.com/dist/vendors/flags-icon/flags/1x1/fi.svg]
[neptuneoption.com/dist/vendors/flags-icon/flags/4x3/fj.svg]
[neptuneoption.com/dist/vendors/flags-icon/flags/1x1/fj.svg]
[neptuneoption.com/dist/vendors/flags-icon/flags/4x3/fk.svg]
[neptuneoption.com/dist/vendors/flags-icon/flags/1x1/fk.svg]
[neptuneoption.com/dist/vendors/flags-icon/flags/4x3/fm.svg]
[neptuneoption.com/dist/vendors/flags-icon/flags/1x1/fm.svg]
[neptuneoption.com/dist/vendors/flags-icon/flags/4x3/fo.svg]
[neptuneoption.com/dist/vendors/flags-icon/flags/1x1/fo.svg]
[neptuneoption.com/dist/vendors/flags-icon/flags/4x3/fr.svg]
[neptuneoption.com/dist/vendors/flags-icon/flags/4x3/ga.svg]
[neptuneoption.com/dist/vendors/flags-icon/flags/1x1/ga.svg]
[neptuneoption.com/dist/vendors/flags-icon/flags/4x3/gb.svg]
[neptuneoption.com/dist/vendors/flags-icon/flags/4x3/gd.svg]
[neptuneoption.com/dist/vendors/flags-icon/flags/1x1/gd.svg]
[neptuneoption.com/dist/vendors/flags-icon/flags/4x3/ge.svg]
[neptuneoption.com/dist/vendors/flags-icon/flags/1x1/ge.svg]
[neptuneoption.com/dist/vendors/flags-icon/flags/4x3/gf.svg]
[neptuneoption.com/dist/vendors/flags-icon/flags/1x1/gf.svg]
[neptuneoption.com/dist/vendors/flags-icon/flags/4x3/gg.svg]
[neptuneoption.com/dist/vendors/flags-icon/flags/1x1/gg.svg]
[neptuneoption.com/dist/vendors/flags-icon/flags/4x3/gh.svg]
[neptuneoption.com/dist/vendors/flags-icon/flags/1x1/gh.svg]
[neptuneoption.com/dist/vendors/flags-icon/flags/4x3/gi.svg]
[neptuneoption.com/dist/vendors/flags-icon/flags/1x1/gi.svg]
[neptuneoption.com/dist/vendors/flags-icon/flags/4x3/gl.svg]
[neptuneoption.com/dist/vendors/flags-icon/flags/1x1/gl.svg]
[neptuneoption.com/dist/vendors/flags-icon/flags/4x3/gm.svg]
[neptuneoption.com/dist/vendors/flags-icon/flags/1x1/gm.svg]
[neptuneoption.com/dist/vendors/flags-icon/flags/4x3/gn.svg]
[neptuneoption.com/dist/vendors/flags-icon/flags/1x1/gn.svg]
[neptuneoption.com/dist/vendors/flags-icon/flags/4x3/gp.svg]
[neptuneoption.com/dist/vendors/flags-icon/flags/1x1/gp.svg]
[neptuneoption.com/dist/vendors/flags-icon/flags/4x3/gq.svg]
[neptuneoption.com/dist/vendors/flags-icon/flags/4x3/gr.svg]
[neptuneoption.com/dist/vendors/flags-icon/flags/1x1/gr.svg]
[neptuneoption.com/dist/vendors/flags-icon/flags/4x3/gs.svg]
[neptuneoption.com/dist/vendors/flags-icon/flags/1x1/gs.svg]
[neptuneoption.com/dist/vendors/flags-icon/flags/4x3/gt.svg]
[neptuneoption.com/dist/vendors/flags-icon/flags/1x1/gt.svg]
[neptuneoption.com/dist/vendors/flags-icon/flags/4x3/gu.svg]
[neptuneoption.com/dist/vendors/flags-icon/flags/1x1/gu.svg]
[neptuneoption.com/dist/vendors/flags-icon/flags/4x3/gw.svg]
[neptuneoption.com/dist/vendors/flags-icon/flags/1x1/gw.svg]
[neptuneoption.com/dist/vendors/flags-icon/flags/4x3/gy.svg]
[neptuneoption.com/dist/vendors/flags-icon/flags/1x1/gy.svg]
[neptuneoption.com/dist/vendors/flags-icon/flags/4x3/hk.svg]
[neptuneoption.com/dist/vendors/flags-icon/flags/1x1/hk.svg]
[neptuneoption.com/dist/vendors/flags-icon/flags/4x3/hm.svg]
[neptuneoption.com/dist/vendors/flags-icon/flags/1x1/hm.svg]
[neptuneoption.com/dist/vendors/flags-icon/flags/4x3/hn.svg]
[neptuneoption.com/dist/vendors/flags-icon/flags/1x1/hn.svg]
[neptuneoption.com/dist/vendors/flags-icon/flags/4x3/hr.svg]
[neptuneoption.com/dist/vendors/flags-icon/flags/1x1/hr.svg]
[neptuneoption.com/dist/vendors/flags-icon/flags/4x3/ht.svg]
[neptuneoption.com/dist/vendors/flags-icon/flags/1x1/ht.svg]
[neptuneoption.com/dist/vendors/flags-icon/flags/4x3/hu.svg]
[neptuneoption.com/dist/vendors/flags-icon/flags/1x1/hu.svg]
[neptuneoption.com/dist/vendors/flags-icon/flags/4x3/id.svg]
[neptuneoption.com/dist/vendors/flags-icon/flags/1x1/id.svg]
[neptuneoption.com/dist/vendors/flags-icon/flags/4x3/ie.svg]
[neptuneoption.com/dist/vendors/flags-icon/flags/1x1/ie.svg]
[neptuneoption.com/dist/vendors/flags-icon/flags/1x1/gq.svg]
[neptuneoption.com/dist/vendors/flags-icon/flags/1x1/il.svg]
[neptuneoption.com/dist/vendors/flags-icon/flags/4x3/im.svg]
[neptuneoption.com/dist/vendors/flags-icon/flags/1x1/im.svg]
[neptuneoption.com/dist/vendors/flags-icon/flags/4x3/in.svg]
[neptuneoption.com/dist/vendors/flags-icon/flags/1x1/in.svg]
[neptuneoption.com/dist/vendors/flags-icon/flags/4x3/io.svg]
[neptuneoption.com/dist/vendors/flags-icon/flags/1x1/io.svg]
[neptuneoption.com/dist/vendors/flags-icon/flags/4x3/iq.svg]
[neptuneoption.com/dist/vendors/flags-icon/flags/1x1/iq.svg]
[neptuneoption.com/dist/vendors/flags-icon/flags/4x3/ir.svg]
[neptuneoption.com/dist/vendors/flags-icon/flags/1x1/ir.svg]
[neptuneoption.com/dist/vendors/flags-icon/flags/4x3/is.svg]
[neptuneoption.com/dist/vendors/flags-icon/flags/1x1/is.svg]
[neptuneoption.com/dist/vendors/flags-icon/flags/4x3/it.svg]
[neptuneoption.com/dist/vendors/flags-icon/flags/1x1/it.svg]
[neptuneoption.com/dist/vendors/flags-icon/flags/4x3/je.svg]
[neptuneoption.com/dist/vendors/flags-icon/flags/1x1/je.svg]
[neptuneoption.com/dist/vendors/flags-icon/flags/4x3/jm.svg]
[neptuneoption.com/dist/vendors/flags-icon/flags/1x1/jm.svg]
[neptuneoption.com/dist/vendors/flags-icon/flags/4x3/jo.svg]
[neptuneoption.com/dist/vendors/flags-icon/flags/1x1/jo.svg]
[neptuneoption.com/dist/vendors/flags-icon/flags/4x3/jp.svg]
[neptuneoption.com/dist/vendors/flags-icon/flags/1x1/jp.svg]
[neptuneoption.com/dist/vendors/flags-icon/flags/1x1/gb.svg]
[neptuneoption.com/dist/vendors/flags-icon/flags/4x3/il.svg]
[neptuneoption.com/dist/vendors/flags-icon/flags/4x3/ke.svg]
[neptuneoption.com/dist/vendors/flags-icon/flags/1x1/ke.svg]
[neptuneoption.com/dist/vendors/flags-icon/flags/4x3/kg.svg]
[neptuneoption.com/dist/vendors/flags-icon/flags/1x1/kg.svg]
[neptuneoption.com/dist/vendors/flags-icon/flags/4x3/kh.svg]
[neptuneoption.com/dist/vendors/flags-icon/flags/1x1/kh.svg]
[neptuneoption.com/dist/vendors/flags-icon/flags/1x1/ki.svg]
[neptuneoption.com/dist/vendors/flags-icon/flags/4x3/km.svg]
[neptuneoption.com/dist/vendors/flags-icon/flags/1x1/km.svg]
[neptuneoption.com/dist/vendors/flags-icon/flags/4x3/kn.svg]
[neptuneoption.com/dist/vendors/flags-icon/flags/1x1/kn.svg]
[neptuneoption.com/dist/vendors/flags-icon/flags/4x3/kp.svg]
[neptuneoption.com/dist/vendors/flags-icon/flags/1x1/kp.svg]
[neptuneoption.com/dist/vendors/flags-icon/flags/4x3/kr.svg]
[neptuneoption.com/dist/vendors/flags-icon/flags/1x1/kr.svg]
[neptuneoption.com/dist/vendors/flags-icon/flags/4x3/kw.svg]
[neptuneoption.com/dist/vendors/flags-icon/flags/1x1/kw.svg]
[neptuneoption.com/dist/vendors/flags-icon/flags/4x3/ky.svg]
[neptuneoption.com/dist/vendors/flags-icon/flags/1x1/ky.svg]
[neptuneoption.com/dist/vendors/flags-icon/flags/4x3/kz.svg]
[neptuneoption.com/dist/vendors/flags-icon/flags/1x1/kz.svg]
[neptuneoption.com/dist/vendors/flags-icon/flags/4x3/la.svg]
[neptuneoption.com/dist/vendors/flags-icon/flags/1x1/la.svg]
[neptuneoption.com/dist/vendors/flags-icon/flags/1x1/lb.svg]
[neptuneoption.com/dist/vendors/flags-icon/flags/4x3/lc.svg]
[neptuneoption.com/dist/vendors/flags-icon/flags/1x1/lc.svg]
[neptuneoption.com/dist/vendors/flags-icon/flags/4x3/li.svg]
[neptuneoption.com/dist/vendors/flags-icon/flags/1x1/li.svg]
[neptuneoption.com/dist/vendors/flags-icon/flags/4x3/lk.svg]
[neptuneoption.com/dist/vendors/flags-icon/flags/1x1/lk.svg]
[neptuneoption.com/dist/vendors/flags-icon/flags/4x3/lr.svg]
[neptuneoption.com/dist/vendors/flags-icon/flags/1x1/lr.svg]
[neptuneoption.com/dist/vendors/flags-icon/flags/4x3/ls.svg]
[neptuneoption.com/dist/vendors/flags-icon/flags/1x1/ls.svg]
[neptuneoption.com/dist/vendors/flags-icon/flags/4x3/lt.svg]
[neptuneoption.com/dist/vendors/flags-icon/flags/1x1/lt.svg]
[neptuneoption.com/dist/vendors/flags-icon/flags/4x3/lu.svg]
[neptuneoption.com/dist/vendors/flags-icon/flags/1x1/lu.svg]
[neptuneoption.com/dist/vendors/flags-icon/flags/4x3/lv.svg]
[neptuneoption.com/dist/vendors/flags-icon/flags/1x1/lv.svg]
[neptuneoption.com/dist/vendors/flags-icon/flags/4x3/ly.svg]
[neptuneoption.com/dist/vendors/flags-icon/flags/1x1/ly.svg]
[neptuneoption.com/dist/vendors/flags-icon/flags/4x3/ma.svg]
[neptuneoption.com/dist/vendors/flags-icon/flags/1x1/ma.svg]
[neptuneoption.com/dist/vendors/flags-icon/flags/1x1/mc.svg]
[neptuneoption.com/dist/vendors/flags-icon/flags/4x3/md.svg]
[neptuneoption.com/dist/vendors/flags-icon/flags/1x1/md.svg]
[neptuneoption.com/dist/vendors/flags-icon/flags/4x3/me.svg]
[neptuneoption.com/dist/vendors/flags-icon/flags/1x1/me.svg]
[neptuneoption.com/dist/vendors/flags-icon/flags/4x3/mf.svg]
[neptuneoption.com/dist/vendors/flags-icon/flags/1x1/mf.svg]
[neptuneoption.com/dist/vendors/flags-icon/flags/4x3/mg.svg]
[neptuneoption.com/dist/vendors/flags-icon/flags/1x1/mg.svg]
[neptuneoption.com/dist/vendors/flags-icon/flags/4x3/mh.svg]
[neptuneoption.com/dist/vendors/flags-icon/flags/1x1/mh.svg]
[neptuneoption.com/dist/vendors/flags-icon/flags/4x3/mk.svg]
[neptuneoption.com/dist/vendors/flags-icon/flags/1x1/mk.svg]
[neptuneoption.com/dist/vendors/flags-icon/flags/4x3/ml.svg]
[neptuneoption.com/dist/vendors/flags-icon/flags/1x1/ml.svg]
[neptuneoption.com/dist/vendors/flags-icon/flags/4x3/mm.svg]
[neptuneoption.com/dist/vendors/flags-icon/flags/1x1/mm.svg]
[neptuneoption.com/dist/vendors/flags-icon/flags/4x3/mn.svg]
[neptuneoption.com/dist/vendors/flags-icon/flags/1x1/mn.svg]
[neptuneoption.com/dist/vendors/flags-icon/flags/4x3/mo.svg]
[neptuneoption.com/dist/vendors/flags-icon/flags/1x1/mo.svg]
[neptuneoption.com/dist/vendors/flags-icon/flags/4x3/mp.svg]
[neptuneoption.com/dist/vendors/flags-icon/flags/1x1/mp.svg]
[neptuneoption.com/dist/vendors/flags-icon/flags/4x3/mq.svg]
[neptuneoption.com/dist/vendors/flags-icon/flags/1x1/mq.svg]
[neptuneoption.com/dist/vendors/flags-icon/flags/4x3/mr.svg]
[neptuneoption.com/dist/vendors/flags-icon/flags/1x1/mr.svg]
[neptuneoption.com/dist/vendors/flags-icon/flags/4x3/ms.svg]
[neptuneoption.com/dist/vendors/flags-icon/flags/1x1/ms.svg]
[neptuneoption.com/dist/vendors/flags-icon/flags/4x3/mt.svg]
[neptuneoption.com/dist/vendors/flags-icon/flags/1x1/mt.svg]
[neptuneoption.com/dist/vendors/flags-icon/flags/4x3/mu.svg]
[neptuneoption.com/dist/vendors/flags-icon/flags/1x1/mu.svg]
[neptuneoption.com/dist/vendors/flags-icon/flags/4x3/mv.svg]
[neptuneoption.com/dist/vendors/flags-icon/flags/1x1/mv.svg]
[neptuneoption.com/dist/vendors/flags-icon/flags/4x3/mw.svg]
[neptuneoption.com/dist/vendors/flags-icon/flags/1x1/mw.svg]
[neptuneoption.com/dist/vendors/flags-icon/flags/4x3/mx.svg]
[neptuneoption.com/dist/vendors/flags-icon/flags/1x1/mx.svg]
[neptuneoption.com/dist/vendors/flags-icon/flags/4x3/my.svg]
[neptuneoption.com/dist/vendors/flags-icon/flags/4x3/ki.svg]
[neptuneoption.com/dist/vendors/flags-icon/flags/4x3/lb.svg]
[neptuneoption.com/dist/vendors/flags-icon/flags/4x3/mz.svg]
[neptuneoption.com/dist/vendors/flags-icon/flags/1x1/mz.svg]
[neptuneoption.com/dist/vendors/flags-icon/flags/4x3/na.svg]
[neptuneoption.com/dist/vendors/flags-icon/flags/1x1/na.svg]
[neptuneoption.com/dist/vendors/flags-icon/flags/4x3/nc.svg]
[neptuneoption.com/dist/vendors/flags-icon/flags/1x1/nc.svg]
[neptuneoption.com/dist/vendors/flags-icon/flags/4x3/ne.svg]
[neptuneoption.com/dist/vendors/flags-icon/flags/1x1/ne.svg]
[neptuneoption.com/dist/vendors/flags-icon/flags/4x3/nf.svg]
[neptuneoption.com/dist/vendors/flags-icon/flags/1x1/nf.svg]
[neptuneoption.com/dist/vendors/flags-icon/flags/4x3/ng.svg]
[neptuneoption.com/dist/vendors/flags-icon/flags/1x1/ng.svg]
[neptuneoption.com/dist/vendors/flags-icon/flags/4x3/ni.svg]
[neptuneoption.com/dist/vendors/flags-icon/flags/1x1/ni.svg]
[neptuneoption.com/dist/vendors/flags-icon/flags/4x3/nl.svg]
[neptuneoption.com/dist/vendors/flags-icon/flags/1x1/nl.svg]
[neptuneoption.com/dist/vendors/flags-icon/flags/4x3/no.svg]
[neptuneoption.com/dist/vendors/flags-icon/flags/1x1/no.svg]
[neptuneoption.com/dist/vendors/flags-icon/flags/4x3/np.svg]
[neptuneoption.com/dist/vendors/flags-icon/flags/1x1/np.svg]
[neptuneoption.com/dist/vendors/flags-icon/flags/4x3/nr.svg]
[neptuneoption.com/dist/vendors/flags-icon/flags/1x1/nr.svg]
[neptuneoption.com/dist/vendors/flags-icon/flags/4x3/nu.svg]
[neptuneoption.com/dist/vendors/flags-icon/flags/1x1/nu.svg]
[neptuneoption.com/dist/vendors/flags-icon/flags/4x3/nz.svg]
[neptuneoption.com/dist/vendors/flags-icon/flags/1x1/nz.svg]
[neptuneoption.com/dist/vendors/flags-icon/flags/4x3/om.svg]
[neptuneoption.com/dist/vendors/flags-icon/flags/1x1/om.svg]
[neptuneoption.com/dist/vendors/flags-icon/flags/4x3/pa.svg]
[neptuneoption.com/dist/vendors/flags-icon/flags/1x1/pa.svg]
[neptuneoption.com/dist/vendors/flags-icon/flags/4x3/pe.svg]
[neptuneoption.com/dist/vendors/flags-icon/flags/1x1/pe.svg]
[neptuneoption.com/dist/vendors/flags-icon/flags/4x3/pf.svg]
[neptuneoption.com/dist/vendors/flags-icon/flags/1x1/pf.svg]
[neptuneoption.com/dist/vendors/flags-icon/flags/4x3/pg.svg]
[neptuneoption.com/dist/vendors/flags-icon/flags/1x1/pg.svg]
[neptuneoption.com/dist/vendors/flags-icon/flags/4x3/ph.svg]
[neptuneoption.com/dist/vendors/flags-icon/flags/1x1/ph.svg]
[neptuneoption.com/dist/vendors/flags-icon/flags/4x3/pk.svg]
[neptuneoption.com/dist/vendors/flags-icon/flags/1x1/pk.svg]
[neptuneoption.com/dist/vendors/flags-icon/flags/4x3/pl.svg]
[neptuneoption.com/dist/vendors/flags-icon/flags/1x1/pl.svg]
[neptuneoption.com/dist/vendors/flags-icon/flags/4x3/pm.svg]
[neptuneoption.com/dist/vendors/flags-icon/flags/1x1/pm.svg]
[neptuneoption.com/dist/vendors/flags-icon/flags/4x3/pn.svg]
[neptuneoption.com/dist/vendors/flags-icon/flags/1x1/pn.svg]
[neptuneoption.com/dist/vendors/flags-icon/flags/4x3/pr.svg]
[neptuneoption.com/dist/vendors/flags-icon/flags/1x1/pr.svg]
[neptuneoption.com/dist/vendors/flags-icon/flags/4x3/ps.svg]
[neptuneoption.com/dist/vendors/flags-icon/flags/1x1/ps.svg]
[neptuneoption.com/dist/vendors/flags-icon/flags/4x3/pt.svg]
[neptuneoption.com/dist/vendors/flags-icon/flags/1x1/pt.svg]
[neptuneoption.com/dist/vendors/flags-icon/flags/4x3/pw.svg]
[neptuneoption.com/dist/vendors/flags-icon/flags/1x1/pw.svg]
[neptuneoption.com/dist/vendors/flags-icon/flags/4x3/py.svg]
[neptuneoption.com/dist/vendors/flags-icon/flags/1x1/py.svg]
[neptuneoption.com/dist/vendors/flags-icon/flags/4x3/qa.svg]
[neptuneoption.com/dist/vendors/flags-icon/flags/1x1/qa.svg]
[neptuneoption.com/dist/vendors/flags-icon/flags/4x3/re.svg]
[neptuneoption.com/dist/vendors/flags-icon/flags/1x1/re.svg]
[neptuneoption.com/dist/vendors/flags-icon/flags/4x3/ro.svg]
[neptuneoption.com/dist/vendors/flags-icon/flags/1x1/ro.svg]
[neptuneoption.com/dist/vendors/flags-icon/flags/4x3/rs.svg]
[neptuneoption.com/dist/vendors/flags-icon/flags/1x1/rs.svg]
[neptuneoption.com/dist/vendors/flags-icon/flags/4x3/ru.svg]
[neptuneoption.com/dist/vendors/flags-icon/flags/4x3/rw.svg]
[neptuneoption.com/dist/vendors/flags-icon/flags/1x1/rw.svg]
[neptuneoption.com/dist/vendors/flags-icon/flags/4x3/sa.svg]
[neptuneoption.com/dist/vendors/flags-icon/flags/1x1/sa.svg]
[neptuneoption.com/dist/vendors/flags-icon/flags/4x3/sb.svg]
[neptuneoption.com/dist/vendors/flags-icon/flags/1x1/sb.svg]
[neptuneoption.com/dist/vendors/flags-icon/flags/4x3/sc.svg]
[neptuneoption.com/dist/vendors/flags-icon/flags/1x1/sc.svg]
[neptuneoption.com/dist/vendors/flags-icon/flags/4x3/sd.svg]
[neptuneoption.com/dist/vendors/flags-icon/flags/1x1/sd.svg]
[neptuneoption.com/dist/vendors/flags-icon/flags/1x1/se.svg]
[neptuneoption.com/dist/vendors/flags-icon/flags/4x3/sg.svg]
[neptuneoption.com/dist/vendors/flags-icon/flags/1x1/sg.svg]
[neptuneoption.com/dist/vendors/flags-icon/flags/4x3/sh.svg]
[neptuneoption.com/dist/vendors/flags-icon/flags/1x1/sh.svg]
[neptuneoption.com/dist/vendors/flags-icon/flags/4x3/si.svg]
[neptuneoption.com/dist/vendors/flags-icon/flags/1x1/si.svg]
[neptuneoption.com/dist/vendors/flags-icon/flags/4x3/sj.svg]
[neptuneoption.com/dist/vendors/flags-icon/flags/1x1/sj.svg]
[neptuneoption.com/dist/vendors/flags-icon/flags/4x3/sk.svg]
[neptuneoption.com/dist/vendors/flags-icon/flags/1x1/sk.svg]
[neptuneoption.com/dist/vendors/flags-icon/flags/4x3/sl.svg]
[neptuneoption.com/dist/vendors/flags-icon/flags/1x1/sl.svg]
[neptuneoption.com/dist/vendors/flags-icon/flags/4x3/sm.svg]
[neptuneoption.com/dist/vendors/flags-icon/flags/1x1/sm.svg]
[neptuneoption.com/dist/vendors/flags-icon/flags/4x3/sn.svg]
[neptuneoption.com/dist/vendors/flags-icon/flags/1x1/sn.svg]
[neptuneoption.com/dist/vendors/flags-icon/flags/4x3/so.svg]
[neptuneoption.com/dist/vendors/flags-icon/flags/1x1/so.svg]
[neptuneoption.com/dist/vendors/flags-icon/flags/4x3/sr.svg]
[neptuneoption.com/dist/vendors/flags-icon/flags/1x1/sr.svg]
[neptuneoption.com/dist/vendors/flags-icon/flags/4x3/ss.svg]
[neptuneoption.com/dist/vendors/flags-icon/flags/1x1/ss.svg]
[neptuneoption.com/dist/vendors/flags-icon/flags/4x3/st.svg]
[neptuneoption.com/dist/vendors/flags-icon/flags/1x1/st.svg]
[neptuneoption.com/dist/vendors/flags-icon/flags/1x1/my.svg]
[neptuneoption.com/dist/vendors/flags-icon/flags/4x3/se.svg]
[neptuneoption.com/dist/vendors/flags-icon/flags/1x1/sv.svg]
[neptuneoption.com/dist/vendors/flags-icon/flags/4x3/sx.svg]
[neptuneoption.com/dist/vendors/flags-icon/flags/1x1/sx.svg]
[neptuneoption.com/dist/vendors/flags-icon/flags/4x3/sy.svg]
[neptuneoption.com/dist/vendors/flags-icon/flags/1x1/sy.svg]
[neptuneoption.com/dist/vendors/flags-icon/flags/1x1/sz.svg]
[neptuneoption.com/dist/vendors/flags-icon/flags/4x3/tc.svg]
[neptuneoption.com/dist/vendors/flags-icon/flags/1x1/tc.svg]
[neptuneoption.com/dist/vendors/flags-icon/flags/4x3/sv.svg]
[neptuneoption.com/dist/vendors/flags-icon/flags/4x3/sz.svg]
[neptuneoption.com/dist/vendors/flags-icon/flags/1x1/tf.svg]
[neptuneoption.com/dist/vendors/flags-icon/flags/4x3/tg.svg]
[neptuneoption.com/dist/vendors/flags-icon/flags/4x3/tf.svg]
[neptuneoption.com/dist/vendors/flags-icon/flags/1x1/tg.svg]
[neptuneoption.com/dist/vendors/flags-icon/flags/1x1/tj.svg]
[neptuneoption.com/dist/vendors/flags-icon/flags/4x3/tj.svg]
[neptuneoption.com/dist/vendors/flags-icon/flags/4x3/tk.svg]
[neptuneoption.com/dist/vendors/flags-icon/flags/4x3/tl.svg]
[neptuneoption.com/dist/vendors/flags-icon/flags/1x1/tk.svg]
[neptuneoption.com/dist/vendors/flags-icon/flags/1x1/tl.svg]
[neptuneoption.com/dist/vendors/flags-icon/flags/4x3/tm.svg]
[neptuneoption.com/dist/vendors/flags-icon/flags/1x1/tm.svg]
[neptuneoption.com/dist/vendors/flags-icon/flags/4x3/tn.svg]
[neptuneoption.com/dist/vendors/flags-icon/flags/1x1/tn.svg]
[neptuneoption.com/dist/vendors/flags-icon/flags/4x3/to.svg]
[neptuneoption.com/dist/vendors/flags-icon/flags/1x1/to.svg]
[neptuneoption.com/dist/vendors/flags-icon/flags/4x3/tv.svg]
[neptuneoption.com/dist/vendors/flags-icon/flags/4x3/tr.svg]
[neptuneoption.com/dist/vendors/flags-icon/flags/4x3/tt.svg]
[neptuneoption.com/dist/vendors/flags-icon/flags/1x1/tv.svg]
[neptuneoption.com/dist/vendors/flags-icon/flags/4x3/tw.svg]
[neptuneoption.com/dist/vendors/flags-icon/flags/4x3/tz.svg]
[neptuneoption.com/dist/vendors/flags-icon/flags/1x1/tw.svg]
[neptuneoption.com/dist/vendors/flags-icon/flags/1x1/tz.svg]
[neptuneoption.com/dist/vendors/flags-icon/flags/4x3/um.svg]
[neptuneoption.com/dist/vendors/flags-icon/flags/1x1/um.svg]
[neptuneoption.com/dist/vendors/flags-icon/flags/4x3/us.svg]
[neptuneoption.com/dist/vendors/flags-icon/flags/1x1/us.svg]
[neptuneoption.com/dist/vendors/flags-icon/flags/4x3/uy.svg]
[neptuneoption.com/dist/vendors/flags-icon/flags/1x1/uy.svg]
[neptuneoption.com/dist/vendors/flags-icon/flags/4x3/uz.svg]
[neptuneoption.com/dist/vendors/flags-icon/flags/1x1/uz.svg]
[neptuneoption.com/dist/vendors/flags-icon/flags/4x3/va.svg]
[neptuneoption.com/dist/vendors/flags-icon/flags/1x1/va.svg]
[neptuneoption.com/dist/vendors/flags-icon/flags/4x3/ug.svg]
[neptuneoption.com/dist/vendors/flags-icon/flags/1x1/ug.svg]
[neptuneoption.com/dist/vendors/flags-icon/flags/4x3/ve.svg]
[neptuneoption.com/dist/vendors/flags-icon/flags/1x1/vc.svg]
[neptuneoption.com/dist/vendors/flags-icon/flags/1x1/ve.svg]
[neptuneoption.com/dist/vendors/flags-icon/flags/4x3/vc.svg]
[neptuneoption.com/dist/vendors/flags-icon/flags/1x1/vg.svg]
[neptuneoption.com/dist/vendors/flags-icon/flags/4x3/vg.svg]
[neptuneoption.com/dist/vendors/flags-icon/flags/4x3/vn.svg]
[neptuneoption.com/dist/vendors/flags-icon/flags/1x1/vn.svg]
[neptuneoption.com/dist/vendors/flags-icon/flags/4x3/vu.svg]
[neptuneoption.com/dist/vendors/flags-icon/flags/1x1/vu.svg]
[neptuneoption.com/dist/vendors/flags-icon/flags/4x3/wf.svg]
[neptuneoption.com/dist/vendors/flags-icon/flags/1x1/wf.svg]
[neptuneoption.com/dist/vendors/flags-icon/flags/4x3/ws.svg]
[neptuneoption.com/dist/vendors/flags-icon/flags/1x1/ws.svg]
[neptuneoption.com/dist/vendors/flags-icon/flags/4x3/ye.svg]
[neptuneoption.com/dist/vendors/flags-icon/flags/1x1/ye.svg]
[neptuneoption.com/dist/vendors/flags-icon/flags/4x3/yt.svg]
[neptuneoption.com/dist/vendors/flags-icon/flags/1x1/yt.svg]
[neptuneoption.com/dist/vendors/flags-icon/flags/4x3/za.svg]
[neptuneoption.com/dist/vendors/flags-icon/flags/1x1/za.svg]
[neptuneoption.com/dist/vendors/flags-icon/flags/4x3/zm.svg]
[neptuneoption.com/dist/vendors/flags-icon/flags/4x3/vi.svg]
[neptuneoption.com/dist/vendors/flags-icon/flags/4x3/zw.svg]
[neptuneoption.com/dist/vendors/flags-icon/flags/1x1/zw.svg]
[neptuneoption.com/dist/vendors/flags-icon/flags/4x3/es-ct.svg]
[neptuneoption.com/dist/vendors/flags-icon/flags/1x1/es-ct.svg]
[neptuneoption.com/dist/vendors/flags-icon/flags/4x3/eu.svg]
[neptuneoption.com/dist/vendors/flags-icon/flags/1x1/eu.svg]
[neptuneoption.com/dist/vendors/flags-icon/flags/4x3/gb-eng.svg]
[neptuneoption.com/dist/vendors/flags-icon/flags/1x1/gb-eng.svg]
[neptuneoption.com/dist/vendors/flags-icon/flags/4x3/gb-nir.svg]
[neptuneoption.com/dist/vendors/flags-icon/flags/1x1/gb-nir.svg]
[neptuneoption.com/dist/vendors/flags-icon/flags/4x3/gb-sct.svg]
[neptuneoption.com/dist/vendors/flags-icon/flags/1x1/gb-sct.svg]
[neptuneoption.com/dist/vendors/flags-icon/flags/4x3/gb-wls.svg]
[neptuneoption.com/dist/vendors/flags-icon/flags/1x1/gb-wls.svg]
[neptuneoption.com/dist/vendors/flags-icon/flags/4x3/un.svg]
[neptuneoption.com/dist/vendors/flags-icon/flags/1x1/un.svg]
[neptuneoption.com/dist/vendors/flags-icon/flags/1x1/vi.svg]
[neptuneoption.com/dist/vendors/flags-icon/flags/1x1/zm.svg]
[neptuneoption.com/dist/vendors/flags-icon/flags/4x3/xk.svg]
[neptuneoption.com/dist/vendors/flags-icon/flags/1x1/xk.svg]
[neptuneoption.com/dist/images/cap3.jpg]
[www.quantumssets/img/og-img.jpg]
[www.tmgm.com/img/flag-us.html]
[www.tmgm.com/img/flag-au.html]
[www.tmgm.com/img/flag-hk.html]
[www.tmgm.com/img/icon-comission-blue.html]
[www.tmgm.com/img/icon-competetive-blue.html]
[www.tmgm.com/img/flag-germany.html]
[www.tmgm.com/img/flag-uk.png]
[www.tmgm.com/img/flag-japan.html]
[neptuneoption.com/dist/vendors/jquery-ui/jquery-ui.min.js]
[neptuneoption.com/dist/vendors/moment/moment.js]
[www.tmgm.com/img/flag-aus.html]
[www.tmgm.com/img/van-flag.html]
[www.tmgm.com/img/logo-UBS.html]
[www.tmgm.com/img/lnag-icon.html]
[www.tmgm.com/img/icon-low.html]
[neptuneoption.com/en/images/img-cta-bg.jpg]
[neptuneoption.com/en/images/img-home-banner-img.jpg]
[neptuneoption.com/dist/vendors/simple-line-icons/fonts/Simple-Line-Iconsb26cb26c.woff]
[neptuneoption.com/dist/vendors/flags-icon/flags/4x3/ad.svg]
[neptuneoption.com/dist/vendors/flags-icon/flags/1x1/ae.svg]
[neptuneoption.com/dist/vendors/flags-icon/flags/4x3/au.svg]
[neptuneoption.com/dist/vendors/flags-icon/flags/1x1/bd.svg]
[neptuneoption.com/dist/vendors/flags-icon/flags/4x3/bf.svg]
[neptuneoption.com/dist/vendors/flags-icon/flags/1x1/bf.svg]
[neptuneoption.com/dist/vendors/flags-icon/flags/4x3/bg.svg]
[neptuneoption.com/dist/vendors/flags-icon/flags/1x1/bs.svg]
[neptuneoption.com/dist/vendors/flags-icon/flags/4x3/bt.svg]
[neptuneoption.com/dist/vendors/flags-icon/flags/1x1/fr.svg]
[neptuneoption.com/dist/vendors/flags-icon/flags/1x1/gb.svg]
[neptuneoption.com/dist/vendors/flags-icon/flags/1x1/gq.svg]
[neptuneoption.com/dist/vendors/flags-icon/flags/4x3/il.svg]
[neptuneoption.com/dist/vendors/flags-icon/flags/1x1/jp.svg]
[neptuneoption.com/dist/vendors/flags-icon/flags/4x3/ki.svg]
[neptuneoption.com/dist/vendors/flags-icon/flags/4x3/lb.svg]
[neptuneoption.com/dist/vendors/flags-icon/flags/4x3/mc.svg]
[neptuneoption.com/dist/vendors/flags-icon/flags/1x1/my.svg]
[neptuneoption.com/dist/vendors/flags-icon/flags/1x1/ru.svg]
[neptuneoption.com/dist/vendors/flags-icon/flags/4x3/se.svg]
[neptuneoption.com/dist/vendors/flags-icon/flags/4x3/sv.svg]
[neptuneoption.com/dist/vendors/flags-icon/flags/4x3/sz.svg]
[neptuneoption.com/dist/vendors/flags-icon/flags/4x3/td.svg]
[neptuneoption.com/dist/vendors/flags-icon/flags/1x1/td.svg]
[neptuneoption.com/dist/vendors/flags-icon/flags/4x3/tf.svg]
[neptuneoption.com/dist/vendors/flags-icon/flags/1x1/tg.svg]
[neptuneoption.com/dist/vendors/flags-icon/flags/4x3/th.svg]
[neptuneoption.com/dist/vendors/flags-icon/flags/1x1/th.svg]
[neptuneoption.com/dist/vendors/flags-icon/flags/4x3/tj.svg]
[neptuneoption.com/dist/vendors/flags-icon/flags/1x1/tj.svg]
[neptuneoption.com/dist/vendors/flags-icon/flags/4x3/tk.svg]
[neptuneoption.com/dist/vendors/flags-icon/flags/1x1/tk.svg]
[neptuneoption.com/dist/vendors/flags-icon/flags/4x3/tl.svg]
[neptuneoption.com/dist/vendors/flags-icon/flags/1x1/tl.svg]
[neptuneoption.com/dist/vendors/flags-icon/flags/4x3/tm.svg]
[neptuneoption.com/dist/vendors/flags-icon/flags/1x1/tm.svg]
[neptuneoption.com/dist/vendors/flags-icon/flags/4x3/tn.svg]
[neptuneoption.com/dist/vendors/flags-icon/flags/1x1/tn.svg]
[neptuneoption.com/dist/vendors/flags-icon/flags/4x3/to.svg]
[neptuneoption.com/dist/vendors/flags-icon/flags/1x1/to.svg]
[neptuneoption.com/dist/vendors/flags-icon/flags/4x3/tr.svg]
[neptuneoption.com/dist/vendors/simple-line-icons/fonts/Simple-Line-Iconsb26cb26c.svg]
[neptuneoption.com/dist/vendors/flags-icon/flags/4x3/tt.svg]
[neptuneoption.com/dist/vendors/flags-icon/flags/1x1/tr.svg]
[neptuneoption.com/dist/vendors/flags-icon/flags/4x3/tv.svg]
[neptuneoption.com/dist/vendors/flags-icon/flags/1x1/tv.svg]
[neptuneoption.com/dist/vendors/flags-icon/flags/4x3/tw.svg]
[neptuneoption.com/dist/vendors/flags-icon/flags/1x1/tw.svg]
[neptuneoption.com/dist/vendors/flags-icon/flags/4x3/tz.svg]
[neptuneoption.com/dist/vendors/flags-icon/flags/1x1/tz.svg]
[neptuneoption.com/dist/vendors/flags-icon/flags/4x3/ua.svg]
[neptuneoption.com/dist/vendors/flags-icon/flags/1x1/ua.svg]
[neptuneoption.com/dist/vendors/flags-icon/flags/4x3/ug.svg]
[neptuneoption.com/dist/vendors/flags-icon/flags/1x1/ug.svg]
[neptuneoption.com/dist/vendors/flags-icon/flags/4x3/vc.svg]
[neptuneoption.com/dist/vendors/flags-icon/flags/1x1/vc.svg]
[neptuneoption.com/dist/vendors/flags-icon/flags/1x1/ve.svg]
[neptuneoption.com/dist/vendors/flags-icon/flags/4x3/vg.svg]
[neptuneoption.com/dist/vendors/flags-icon/flags/1x1/vg.svg]
[neptuneoption.com/dist/vendors/flags-icon/flags/4x3/vi.svg]
[neptuneoption.com/dist/vendors/flags-icon/flags/1x1/vi.svg]
[neptuneoption.com/dist/vendors/flags-icon/flags/1x1/zm.svg]
[neptuneoption.com/dist/vendors/flags-icon/flags/4x3/xk.svg]
[neptuneoption.com/dist/vendors/flags-icon/flags/1x1/xk.svg]
[neptuneoption.com/dist/vendors/jquery-ui/jquery-ui.min.js]
[neptuneoption.com/dist/vendors/moment/moment.js]
[cdnjs.cloudflare.com/ajax/libs/jquery/2.1.3/jquery.min.js]
[cdnjs.cloudflare.com/ajax/libs/jquery-easing/1.3/jquery.easing.min.js]
[www.tmgm.com/img/Adelaide-img.html]
[neptuneoption.com/dist/vendors/simple-line-icons/fonts/Simple-Line-Iconsb26cb26c.svg]
[neptuneoption.com/dist/vendors/flags-icon/flags/1x1/tr.svg]
[neptuneoption.com/dist/vendors/flags-icon/flags/1x1/tt.svg]
[neptuneoption.com/isDSTShifted is deprecated. See http_/momentjs.com/guides/index.html]
